[20260802.024920.941-4492-I] SendWindowCreate: QGAPROTO,msg=CREATE,hwnd=0x0,x=0,y=0,w=3440,h=1440,ovr=0,style=0x00000000,ex=0x00000000
[20260802.024936.941-4492-I] SendWindowCreate: QGAPROTO,msg=CREATE,hwnd=0x30268,x=215,y=208,w=2566,h=1022,ovr=0,style=0x14cf0000,ex=0x00000110
[20260802.024937.050-4492-I] SendWindowMap: QGAPROTO,msg=MAP,hwnd=0x30268,ovr=0,transient=0x0,style=0x14cf0000,ex=0x00000110,vis=1,w=2566,h=1022
[20260802.024937.082-4492-I] SendWindowDamageEvent: QGAPROTO,msg=DAMAGE,hwnd=0x30268,rx=0,ry=0,w=2566,h=1022,ax=215,ay=208,lx=215,ly=208
[20260802.024937.097-6420-I] SendWindowDamageEvent: QGAPROTO,msg=DAMAGE,hwnd=0x30268,rx=0,ry=31,w=2566,h=990,ax=215,ay=208,lx=215,ly=208
[20260802.024937.097-4492-I] SendWindowConfigure: QGAPROTO,msg=CONFIGURE,hwnd=0x30268,x=220,y=233,w=2566,h=1022,ovr=0
[20260802.024937.097-4492-I] SendWindowConfigure: QGAPROTO,msg=CONFIGURE,hwnd=0x30268,x=227,y=233,w=2566,h=1022,ovr=0
[20260802.024937.097-4492-I] SendWindowMap: QGAPROTO,msg=MAP,hwnd=0x30268,ovr=0,transient=0x0,style=0x14cf0000,ex=0x00000110,vis=1,w=2566,h=1022
[20260802.024937.613-6420-I] SendWindowDamageEvent: QGAPROTO,msg=DAMAGE,hwnd=0x30268,rx=0,ry=51,w=2566,h=18,ax=227,ay=233,lx=227,ly=233
[20260802.024938.144-6420-I] SendWindowDamageEvent: QGAPROTO,msg=DAMAGE,hwnd=0x30268,rx=0,ry=51,w=2566,h=18,ax=227,ay=233,lx=227,ly=233
[20260802.024938.691-6420-I] SendWindowDamageEvent: QGAPROTO,msg=DAMAGE,hwnd=0x30268,rx=0,ry=51,w=2566,h=18,ax=227,ay=233,lx=227,ly=233
[20260802.024939.222-6420-I] SendWindowDamageEvent: QGAPROTO,msg=DAMAGE,hwnd=0x30268,rx=0,ry=51,w=2566,h=18,ax=227,ay=233,lx=227,ly=233
[20260802.024939.738-6420-I] SendWindowDamageEvent: QGAPROTO,msg=DAMAGE,hwnd=0x30268,rx=0,ry=51,w=2566,h=18,ax=227,ay=233,lx=227,ly=233
[20260802.024939.910-4492-I] SendWindowCreate: QGAPROTO,msg=CREATE,hwnd=0x2043e,x=241,y=234,w=2566,h=1022,ovr=0,style=0x14cf0000,ex=0x00000110
[20260802.024939.972-4492-I] SendWindowMap: QGAPROTO,msg=MAP,hwnd=0x2043e,ovr=0,transient=0x0,style=0x14cf0000,ex=0x00000110,vis=1,w=2566,h=1022
[20260802.024940.008-4492-I] SendWindowDamageEvent: QGAPROTO,msg=DAMAGE,hwnd=0x2043e,rx=0,ry=0,w=2566,h=1022,ax=241,ay=234,lx=241,ly=234
[20260802.024940.019-6420-I] SendWindowDamageEvent: QGAPROTO,msg=DAMAGE,hwnd=0x2043e,rx=0,ry=31,w=2566,h=990,ax=241,ay=234,lx=241,ly=234
[20260802.024940.019-4492-I] SendWindowConfigure: QGAPROTO,msg=CONFIGURE,hwnd=0x2043e,x=246,y=259,w=2566,h=1022,ovr=0
[20260802.024940.082-4492-I] SendWindowConfigure: QGAPROTO,msg=CONFIGURE,hwnd=0x2043e,x=253,y=259,w=2566,h=1022,ovr=0
[20260802.024940.113-6420-I] SendWindowDamageEvent: QGAPROTO,msg=DAMAGE,hwnd=0x30268,rx=0,ry=0,w=2566,h=1022,ax=227,ay=233,lx=227,ly=233
[20260802.024940.113-6420-I] SendWindowDamageEvent: QGAPROTO,msg=DAMAGE,hwnd=0x2043e,rx=0,ry=51,w=2566,h=970,ax=253,ay=259,lx=253,ly=259
[20260802.024940.668-6420-I] SendWindowDamageEvent: QGAPROTO,msg=DAMAGE,hwnd=0x2043e,rx=0,ry=51,w=2566,h=18,ax=253,ay=259,lx=253,ly=259
[20260802.024941.207-6420-I] SendWindowDamageEvent: QGAPROTO,msg=DAMAGE,hwnd=0x2043e,rx=0,ry=51,w=2566,h=18,ax=253,ay=259,lx=253,ly=259
[20260802.024941.660-4492-I] SendWindowMap: QGAPROTO,msg=MAP,hwnd=0x2043e,ovr=0,transient=0x0,style=0x14cf0000,ex=0x00000110,vis=1,w=2566,h=1022
[20260802.024941.738-6420-I] SendWindowDamageEvent: QGAPROTO,msg=DAMAGE,hwnd=0x2043e,rx=0,ry=51,w=2566,h=18,ax=253,ay=259,lx=253,ly=259
[20260802.024942.254-6420-I] SendWindowDamageEvent: QGAPROTO,msg=DAMAGE,hwnd=0x2043e,rx=0,ry=51,w=2566,h=18,ax=253,ay=259,lx=253,ly=259
[20260802.024942.800-6420-I] SendWindowDamageEvent: QGAPROTO,msg=DAMAGE,hwnd=0x2043e,rx=0,ry=51,w=2566,h=18,ax=253,ay=259,lx=253,ly=259
[20260802.024942.941-4492-I] SendWindowConfigure: QGAPROTO,msg=CONFIGURE,hwnd=0x30268,x=157,y=120,w=686,h=493,ovr=0
[20260802.024943.035-4492-I] SendWindowDamageEvent: QGAPROTO,msg=DAMAGE,hwnd=0x30268,rx=0,ry=0,w=686,h=493,ax=157,ay=120,lx=157,ly=120
[20260802.024943.035-4492-I] SendWindowConfigure: QGAPROTO,msg=CONFIGURE,hwnd=0x2043e,x=507,y=320,w=686,h=493,ovr=0
[20260802.024943.097-4492-I] SendWindowDamageEvent: QGAPROTO,msg=DAMAGE,hwnd=0x2043e,rx=0,ry=0,w=686,h=493,ax=507,ay=320,lx=507,ly=320
[20260802.024943.097-6420-I] SendWindowDamageEvent: QGAPROTO,msg=DAMAGE,hwnd=0x30268,rx=0,ry=51,w=686,h=441,ax=157,ay=120,lx=157,ly=120
[20260802.024943.613-6420-I] SendWindowDamageEvent: QGAPROTO,msg=DAMAGE,hwnd=0x2043e,rx=0,ry=51,w=686,h=18,ax=507,ay=320,lx=507,ly=320
[20260802.024944.128-6420-I] SendWindowDamageEvent: QGAPROTO,msg=DAMAGE,hwnd=0x2043e,rx=0,ry=51,w=686,h=18,ax=507,ay=320,lx=507,ly=320
[20260802.024944.660-6420-I] SendWindowDamageEvent: QGAPROTO,msg=DAMAGE,hwnd=0x2043e,rx=0,ry=51,w=686,h=18,ax=507,ay=320,lx=507,ly=320
[20260802.024945.213-6420-I] SendWindowDamageEvent: QGAPROTO,msg=DAMAGE,hwnd=0x2043e,rx=0,ry=51,w=686,h=18,ax=507,ay=320,lx=507,ly=320
[20260802.024945.738-6420-I] SendWindowDamageEvent: QGAPROTO,msg=DAMAGE,hwnd=0x2043e,rx=0,ry=51,w=686,h=18,ax=507,ay=320,lx=507,ly=320
[20260802.024946.285-6420-I] SendWindowDamageEvent: QGAPROTO,msg=DAMAGE,hwnd=0x2043e,rx=0,ry=51,w=686,h=18,ax=507,ay=320,lx=507,ly=320
[20260802.024946.785-6420-I] SendWindowDamageEvent: QGAPROTO,msg=DAMAGE,hwnd=0x2043e,rx=0,ry=51,w=686,h=18,ax=507,ay=320,lx=507,ly=320
[20260802.024947.333-6420-I] SendWindowDamageEvent: QGAPROTO,msg=DAMAGE,hwnd=0x2043e,rx=0,ry=51,w=686,h=18,ax=507,ay=320,lx=507,ly=320
[20260802.024947.863-6420-I] SendWindowDamageEvent: QGAPROTO,msg=DAMAGE,hwnd=0x2043e,rx=0,ry=51,w=686,h=18,ax=507,ay=320,lx=507,ly=320
[20260802.024948.566-6420-I] SendWindowDamageEvent: QGAPROTO,msg=DAMAGE,hwnd=0x2043e,rx=0,ry=11,w=686,h=475,ax=507,ay=320,lx=507,ly=320
[20260802.024948.675-6420-I] SendWindowDamageEvent: QGAPROTO,msg=DAMAGE,hwnd=0x2043e,rx=0,ry=51,w=686,h=18,ax=507,ay=320,lx=507,ly=320
[20260802.024948.785-6420-I] SendWindowDamageEvent: QGAPROTO,msg=DAMAGE,hwnd=0x2043e,rx=0,ry=51,w=686,h=435,ax=507,ay=320,lx=507,ly=320
[20260802.024948.972-6420-I] SendWindowDamageEvent: QGAPROTO,msg=DAMAGE,hwnd=0x2043e,rx=0,ry=51,w=686,h=435,ax=507,ay=320,lx=507,ly=320
[20260802.024949.191-6420-I] SendWindowDamageEvent: QGAPROTO,msg=DAMAGE,hwnd=0x2043e,rx=0,ry=51,w=686,h=435,ax=507,ay=320,lx=507,ly=320
[20260802.024949.394-6420-I] SendWindowDamageEvent: QGAPROTO,msg=DAMAGE,hwnd=0x2043e,rx=0,ry=51,w=686,h=435,ax=507,ay=320,lx=507,ly=320
[20260802.024949.613-6420-I] SendWindowDamageEvent: QGAPROTO,msg=DAMAGE,hwnd=0x2043e,rx=0,ry=51,w=686,h=435,ax=507,ay=320,lx=507,ly=320
[20260802.024949.769-6420-I] SendWindowDamageEvent: QGAPROTO,msg=DAMAGE,hwnd=0x2043e,rx=0,ry=51,w=686,h=18,ax=507,ay=320,lx=507,ly=320
[20260802.024949.847-6420-I] SendWindowDamageEvent: QGAPROTO,msg=DAMAGE,hwnd=0x2043e,rx=0,ry=51,w=686,h=435,ax=507,ay=320,lx=507,ly=320
[20260802.024950.097-6420-I] SendWindowDamageEvent: QGAPROTO,msg=DAMAGE,hwnd=0x2043e,rx=0,ry=51,w=686,h=435,ax=507,ay=320,lx=507,ly=320
[20260802.024950.300-6420-I] SendWindowDamageEvent: QGAPROTO,msg=DAMAGE,hwnd=0x2043e,rx=0,ry=51,w=686,h=435,ax=507,ay=320,lx=507,ly=320
[20260802.024950.488-6420-I] SendWindowDamageEvent: QGAPROTO,msg=DAMAGE,hwnd=0x2043e,rx=0,ry=51,w=686,h=435,ax=507,ay=320,lx=507,ly=320
[20260802.024950.707-6420-I] SendWindowDamageEvent: QGAPROTO,msg=DAMAGE,hwnd=0x2043e,rx=0,ry=51,w=686,h=435,ax=507,ay=320,lx=507,ly=320
[20260802.024950.925-6420-I] SendWindowDamageEvent: QGAPROTO,msg=DAMAGE,hwnd=0x2043e,rx=0,ry=51,w=686,h=417,ax=507,ay=320,lx=507,ly=320
[20260802.024951.050-6420-I] SendWindowDamageEvent: QGAPROTO,msg=DAMAGE,hwnd=0x2043e,rx=0,ry=51,w=686,h=435,ax=507,ay=320,lx=507,ly=320
[20260802.024951.285-6420-I] SendWindowDamageEvent: QGAPROTO,msg=DAMAGE,hwnd=0x2043e,rx=0,ry=55,w=686,h=413,ax=507,ay=320,lx=507,ly=320
[20260802.024951.347-6420-I] SendWindowDamageEvent: QGAPROTO,msg=DAMAGE,hwnd=0x2043e,rx=0,ry=55,w=686,h=431,ax=507,ay=320,lx=507,ly=320
[20260802.024951.488-6420-I] SendWindowDamageEvent: QGAPROTO,msg=DAMAGE,hwnd=0x2043e,rx=0,ry=55,w=686,h=413,ax=507,ay=320,lx=507,ly=320
[20260802.024951.582-6420-I] SendWindowDamageEvent: QGAPROTO,msg=DAMAGE,hwnd=0x2043e,rx=0,ry=55,w=686,h=413,ax=507,ay=320,lx=507,ly=320
[20260802.024951.660-6420-I] SendWindowDamageEvent: QGAPROTO,msg=DAMAGE,hwnd=0x2043e,rx=0,ry=55,w=686,h=431,ax=507,ay=320,lx=507,ly=320
[20260802.024951.863-6420-I] SendWindowDamageEvent: QGAPROTO,msg=DAMAGE,hwnd=0x2043e,rx=0,ry=55,w=686,h=431,ax=507,ay=320,lx=507,ly=320
[20260802.024952.097-6420-I] SendWindowDamageEvent: QGAPROTO,msg=DAMAGE,hwnd=0x2043e,rx=0,ry=55,w=686,h=413,ax=507,ay=320,lx=507,ly=320
[20260802.024952.175-6420-I] SendWindowDamageEvent: QGAPROTO,msg=DAMAGE,hwnd=0x2043e,rx=0,ry=55,w=686,h=431,ax=507,ay=320,lx=507,ly=320
[20260802.024952.394-6420-I] SendWindowDamageEvent: QGAPROTO,msg=DAMAGE,hwnd=0x2043e,rx=0,ry=55,w=686,h=413,ax=507,ay=320,lx=507,ly=320
[20260802.024952.457-6420-I] SendWindowDamageEvent: QGAPROTO,msg=DAMAGE,hwnd=0x2043e,rx=0,ry=55,w=686,h=431,ax=507,ay=320,lx=507,ly=320
[20260802.024952.738-6420-I] SendWindowDamageEvent: QGAPROTO,msg=DAMAGE,hwnd=0x2043e,rx=0,ry=51,w=686,h=417,ax=507,ay=320,lx=507,ly=320
[20260802.024952.800-6420-I] SendWindowDamageEvent: QGAPROTO,msg=DAMAGE,hwnd=0x2043e,rx=0,ry=51,w=686,h=435,ax=507,ay=320,lx=507,ly=320
[20260802.024953.050-6420-I] SendWindowDamageEvent: QGAPROTO,msg=DAMAGE,hwnd=0x2043e,rx=0,ry=55,w=686,h=413,ax=507,ay=320,lx=507,ly=320
[20260802.024953.113-6420-I] SendWindowDamageEvent: QGAPROTO,msg=DAMAGE,hwnd=0x2043e,rx=0,ry=55,w=686,h=431,ax=507,ay=320,lx=507,ly=320
[20260802.024953.254-6420-I] SendWindowDamageEvent: QGAPROTO,msg=DAMAGE,hwnd=0x2043e,rx=0,ry=55,w=686,h=413,ax=507,ay=320,lx=507,ly=320
[20260802.024953.363-6420-I] SendWindowDamageEvent: QGAPROTO,msg=DAMAGE,hwnd=0x2043e,rx=0,ry=55,w=686,h=413,ax=507,ay=320,lx=507,ly=320
[20260802.024953.457-6420-I] SendWindowDamageEvent: QGAPROTO,msg=DAMAGE,hwnd=0x2043e,rx=0,ry=55,w=686,h=431,ax=507,ay=320,lx=507,ly=320
[20260802.024953.675-6420-I] SendWindowDamageEvent: QGAPROTO,msg=DAMAGE,hwnd=0x2043e,rx=0,ry=55,w=686,h=413,ax=507,ay=320,lx=507,ly=320
[20260802.024953.785-6420-I] SendWindowDamageEvent: QGAPROTO,msg=DAMAGE,hwnd=0x2043e,rx=0,ry=55,w=686,h=413,ax=507,ay=320,lx=507,ly=320
[20260802.024953.847-6420-I] SendWindowDamageEvent: QGAPROTO,msg=DAMAGE,hwnd=0x2043e,rx=0,ry=55,w=686,h=431,ax=507,ay=320,lx=507,ly=320
[20260802.024954.050-6420-I] SendWindowDamageEvent: QGAPROTO,msg=DAMAGE,hwnd=0x2043e,rx=0,ry=55,w=686,h=413,ax=507,ay=320,lx=507,ly=320
[20260802.024954.160-6420-I] SendWindowDamageEvent: QGAPROTO,msg=DAMAGE,hwnd=0x2043e,rx=0,ry=55,w=686,h=413,ax=507,ay=320,lx=507,ly=320
[20260802.024954.222-6420-I] SendWindowDamageEvent: QGAPROTO,msg=DAMAGE,hwnd=0x2043e,rx=0,ry=478,w=686,h=8,ax=507,ay=320,lx=507,ly=320
[20260802.024954.425-6420-I] SendWindowDamageEvent: QGAPROTO,msg=DAMAGE,hwnd=0x2043e,rx=0,ry=55,w=686,h=431,ax=507,ay=320,lx=507,ly=320
[20260802.024954.707-6420-I] SendWindowDamageEvent: QGAPROTO,msg=DAMAGE,hwnd=0x2043e,rx=0,ry=55,w=686,h=413,ax=507,ay=320,lx=507,ly=320
[20260802.024954.816-6420-I] SendWindowDamageEvent: QGAPROTO,msg=DAMAGE,hwnd=0x2043e,rx=0,ry=55,w=686,h=431,ax=507,ay=320,lx=507,ly=320
[20260802.024955.050-6420-I] SendWindowDamageEvent: QGAPROTO,msg=DAMAGE,hwnd=0x2043e,rx=0,ry=55,w=686,h=431,ax=507,ay=320,lx=507,ly=320
[20260802.024955.300-6420-I] SendWindowDamageEvent: QGAPROTO,msg=DAMAGE,hwnd=0x2043e,rx=0,ry=55,w=686,h=413,ax=507,ay=320,lx=507,ly=320
[20260802.024955.394-6420-I] SendWindowDamageEvent: QGAPROTO,msg=DAMAGE,hwnd=0x2043e,rx=0,ry=55,w=686,h=431,ax=507,ay=320,lx=507,ly=320
[20260802.024955.597-6420-I] SendWindowDamageEvent: QGAPROTO,msg=DAMAGE,hwnd=0x2043e,rx=0,ry=55,w=686,h=413,ax=507,ay=320,lx=507,ly=320
[20260802.024955.708-6420-I] SendWindowDamageEvent: QGAPROTO,msg=DAMAGE,hwnd=0x2043e,rx=0,ry=55,w=686,h=413,ax=507,ay=320,lx=507,ly=320
[20260802.024955.785-6420-I] SendWindowDamageEvent: QGAPROTO,msg=DAMAGE,hwnd=0x2043e,rx=0,ry=478,w=686,h=8,ax=507,ay=320,lx=507,ly=320
[20260802.024955.958-6420-I] SendWindowDamageEvent: QGAPROTO,msg=DAMAGE,hwnd=0x2043e,rx=0,ry=55,w=686,h=413,ax=507,ay=320,lx=507,ly=320
[20260802.024956.097-6420-I] SendWindowDamageEvent: QGAPROTO,msg=DAMAGE,hwnd=0x2043e,rx=0,ry=55,w=686,h=413,ax=507,ay=320,lx=507,ly=320
[20260802.024956.160-6420-I] SendWindowDamageEvent: QGAPROTO,msg=DAMAGE,hwnd=0x2043e,rx=0,ry=477,w=686,h=9,ax=507,ay=320,lx=507,ly=320
[20260802.024956.363-6420-I] SendWindowDamageEvent: QGAPROTO,msg=DAMAGE,hwnd=0x2043e,rx=0,ry=51,w=686,h=417,ax=507,ay=320,lx=507,ly=320
[20260802.024956.488-6420-I] SendWindowDamageEvent: QGAPROTO,msg=DAMAGE,hwnd=0x2043e,rx=0,ry=51,w=686,h=435,ax=507,ay=320,lx=507,ly=320
[20260802.024956.800-6420-I] SendWindowDamageEvent: QGAPROTO,msg=DAMAGE,hwnd=0x2043e,rx=0,ry=55,w=686,h=431,ax=507,ay=320,lx=507,ly=320
[20260802.024957.050-6420-I] SendWindowDamageEvent: QGAPROTO,msg=DAMAGE,hwnd=0x2043e,rx=0,ry=55,w=686,h=413,ax=507,ay=320,lx=507,ly=320
[20260802.024957.113-6420-I] SendWindowDamageEvent: QGAPROTO,msg=DAMAGE,hwnd=0x2043e,rx=0,ry=55,w=686,h=431,ax=507,ay=320,lx=507,ly=320
[20260802.024957.347-6420-I] SendWindowDamageEvent: QGAPROTO,msg=DAMAGE,hwnd=0x2043e,rx=0,ry=55,w=686,h=431,ax=507,ay=320,lx=507,ly=320
[20260802.024957.600-6420-I] SendWindowDamageEvent: QGAPROTO,msg=DAMAGE,hwnd=0x2043e,rx=0,ry=55,w=686,h=431,ax=507,ay=320,lx=507,ly=320
[20260802.024957.785-6420-I] SendWindowDamageEvent: QGAPROTO,msg=DAMAGE,hwnd=0x2043e,rx=0,ry=55,w=686,h=413,ax=507,ay=320,lx=507,ly=320
[20260802.024957.879-6420-I] SendWindowDamageEvent: QGAPROTO,msg=DAMAGE,hwnd=0x2043e,rx=0,ry=51,w=686,h=417,ax=507,ay=320,lx=507,ly=320
[20260802.024957.988-6420-I] SendWindowDamageEvent: QGAPROTO,msg=DAMAGE,hwnd=0x2043e,rx=0,ry=51,w=686,h=435,ax=507,ay=320,lx=507,ly=320
[20260802.024958.207-6420-I] SendWindowDamageEvent: QGAPROTO,msg=DAMAGE,hwnd=0x2043e,rx=0,ry=51,w=686,h=417,ax=507,ay=320,lx=507,ly=320
[20260802.024958.316-6420-I] SendWindowDamageEvent: QGAPROTO,msg=DAMAGE,hwnd=0x2043e,rx=0,ry=51,w=686,h=417,ax=507,ay=320,lx=507,ly=320
[20260802.024958.394-6420-I] SendWindowDamageEvent: QGAPROTO,msg=DAMAGE,hwnd=0x2043e,rx=0,ry=55,w=686,h=413,ax=507,ay=320,lx=507,ly=320
[20260802.024958.488-6420-I] SendWindowDamageEvent: QGAPROTO,msg=DAMAGE,hwnd=0x2043e,rx=0,ry=477,w=686,h=9,ax=507,ay=320,lx=507,ly=320
[20260802.024958.722-6420-I] SendWindowDamageEvent: QGAPROTO,msg=DAMAGE,hwnd=0x2043e,rx=0,ry=51,w=686,h=417,ax=507,ay=320,lx=507,ly=320
[20260802.024958.832-6420-I] SendWindowDamageEvent: QGAPROTO,msg=DAMAGE,hwnd=0x2043e,rx=0,ry=51,w=686,h=417,ax=507,ay=320,lx=507,ly=320
[20260802.024958.925-6420-I] SendWindowDamageEvent: QGAPROTO,msg=DAMAGE,hwnd=0x2043e,rx=0,ry=55,w=686,h=431,ax=507,ay=320,lx=507,ly=320
[20260802.024959.175-6420-I] SendWindowDamageEvent: QGAPROTO,msg=DAMAGE,hwnd=0x2043e,rx=0,ry=51,w=686,h=417,ax=507,ay=320,lx=507,ly=320
[20260802.024959.285-6420-I] SendWindowDamageEvent: QGAPROTO,msg=DAMAGE,hwnd=0x2043e,rx=0,ry=55,w=686,h=413,ax=507,ay=320,lx=507,ly=320
[20260802.024959.378-6420-I] SendWindowDamageEvent: QGAPROTO,msg=DAMAGE,hwnd=0x2043e,rx=0,ry=51,w=686,h=435,ax=507,ay=320,lx=507,ly=320
[20260802.024959.613-6420-I] SendWindowDamageEvent: QGAPROTO,msg=DAMAGE,hwnd=0x2043e,rx=0,ry=55,w=686,h=413,ax=507,ay=320,lx=507,ly=320
[20260802.024959.738-6420-I] SendWindowDamageEvent: QGAPROTO,msg=DAMAGE,hwnd=0x2043e,rx=0,ry=55,w=686,h=431,ax=507,ay=320,lx=507,ly=320
[20260802.025000.035-6420-I] SendWindowDamageEvent: QGAPROTO,msg=DAMAGE,hwnd=0x2043e,rx=0,ry=55,w=686,h=431,ax=507,ay=320,lx=507,ly=320
[20260802.025000.332-6420-I] SendWindowDamageEvent: QGAPROTO,msg=DAMAGE,hwnd=0x2043e,rx=0,ry=55,w=686,h=413,ax=507,ay=320,lx=507,ly=320
[20260802.025000.410-6420-I] SendWindowDamageEvent: QGAPROTO,msg=DAMAGE,hwnd=0x2043e,rx=0,ry=51,w=686,h=417,ax=507,ay=320,lx=507,ly=320
[20260802.025000.488-6420-I] SendWindowDamageEvent: QGAPROTO,msg=DAMAGE,hwnd=0x2043e,rx=0,ry=51,w=686,h=435,ax=507,ay=320,lx=507,ly=320
[20260802.025001.036-6420-I] SendWindowDamageEvent: QGAPROTO,msg=DAMAGE,hwnd=0x2043e,rx=0,ry=51,w=686,h=18,ax=507,ay=320,lx=507,ly=320
[20260802.025001.599-6420-I] SendWindowDamageEvent: QGAPROTO,msg=DAMAGE,hwnd=0x2043e,rx=0,ry=51,w=686,h=18,ax=507,ay=320,lx=507,ly=320
[20260802.025002.114-6420-I] SendWindowDamageEvent: QGAPROTO,msg=DAMAGE,hwnd=0x2043e,rx=0,ry=51,w=686,h=18,ax=507,ay=320,lx=507,ly=320
[20260802.025002.644-6420-I] SendWindowDamageEvent: QGAPROTO,msg=DAMAGE,hwnd=0x2043e,rx=0,ry=51,w=686,h=18,ax=507,ay=320,lx=507,ly=320
[20260802.025003.175-6420-I] SendWindowDamageEvent: QGAPROTO,msg=DAMAGE,hwnd=0x2043e,rx=0,ry=51,w=686,h=18,ax=507,ay=320,lx=507,ly=320
[20260802.025003.660-6420-I] SendWindowDamageEvent: QGAPROTO,msg=DAMAGE,hwnd=0x2043e,rx=0,ry=31,w=686,h=19,ax=507,ay=320,lx=507,ly=320
[20260802.025003.738-4492-I] PwPatchSynthChildClipped: QGAPROTO,msg=SYNTHPAINT,hwnd=0x50230,owner=0x2043e,rx=1,ry=50,w=229,h=196
[20260802.025003.738-4492-I] SendWindowDamageEvent: QGAPROTO,msg=DAMAGE,hwnd=0x2043e,rx=1,ry=50,w=229,h=196,ax=507,ay=320,lx=507,ly=320
[20260802.025003.738-4492-I] SynthActivate: QGAPROTO,msg=SYNTH,hwnd=0x50230,owner=0x2043e,x=508,y=370,w=229,h=196
[20260802.025003.738-4492-I] PwPatchSynthChildClipped: QGAPROTO,msg=SYNTHPAINT,hwnd=0x50230,owner=0x2043e,rx=1,ry=50,w=229,h=196
[20260802.025003.738-4492-I] SendWindowDamageEvent: QGAPROTO,msg=DAMAGE,hwnd=0x2043e,rx=1,ry=50,w=229,h=196,ax=507,ay=320,lx=507,ly=320
[20260802.025003.753-4492-I] PwPatchSynthChildClipped: QGAPROTO,msg=SYNTHPAINT,hwnd=0x50230,owner=0x2043e,rx=1,ry=50,w=229,h=196
[20260802.025003.785-4492-I] SendWindowDamageEvent: QGAPROTO,msg=DAMAGE,hwnd=0x2043e,rx=1,ry=50,w=229,h=196,ax=507,ay=320,lx=507,ly=320
[20260802.025007.316-4492-I] PwPatchSynthChildClipped: QGAPROTO,msg=SYNTHPAINT,hwnd=0x50230,owner=0x2043e,rx=4,ry=53,w=223,h=44
[20260802.025007.332-4492-I] SendWindowDamageEvent: QGAPROTO,msg=DAMAGE,hwnd=0x2043e,rx=4,ry=53,w=223,h=44,ax=507,ay=320,lx=507,ly=320
[20260802.025007.332-4492-I] PwPatchSynthChildClipped: QGAPROTO,msg=SYNTHPAINT,hwnd=0x50230,owner=0x2043e,rx=1,ry=50,w=229,h=196
[20260802.025007.347-4492-I] SendWindowDamageEvent: QGAPROTO,msg=DAMAGE,hwnd=0x2043e,rx=1,ry=50,w=229,h=196,ax=507,ay=320,lx=507,ly=320
[20260802.025007.722-4492-I] PwPatchSynthChildClipped: QGAPROTO,msg=SYNTHPAINT,hwnd=0x50230,owner=0x2043e,rx=4,ry=75,w=223,h=44
[20260802.025007.753-4492-I] SendWindowDamageEvent: QGAPROTO,msg=DAMAGE,hwnd=0x2043e,rx=4,ry=75,w=223,h=44,ax=507,ay=320,lx=507,ly=320
[20260802.025007.753-4492-I] PwPatchSynthChildClipped: QGAPROTO,msg=SYNTHPAINT,hwnd=0x50230,owner=0x2043e,rx=1,ry=50,w=229,h=196
[20260802.025007.753-4492-I] SendWindowDamageEvent: QGAPROTO,msg=DAMAGE,hwnd=0x2043e,rx=1,ry=50,w=229,h=196,ax=507,ay=320,lx=507,ly=320
[20260802.025008.113-4492-I] PwPatchSynthChildClipped: QGAPROTO,msg=SYNTHPAINT,hwnd=0x50230,owner=0x2043e,rx=4,ry=97,w=223,h=44
[20260802.025008.113-4492-I] SendWindowDamageEvent: QGAPROTO,msg=DAMAGE,hwnd=0x2043e,rx=4,ry=97,w=223,h=44,ax=507,ay=320,lx=507,ly=320
[20260802.025008.113-4492-I] PwPatchSynthChildClipped: QGAPROTO,msg=SYNTHPAINT,hwnd=0x50230,owner=0x2043e,rx=1,ry=50,w=229,h=196
[20260802.025008.113-4492-I] SendWindowDamageEvent: QGAPROTO,msg=DAMAGE,hwnd=0x2043e,rx=1,ry=50,w=229,h=196,ax=507,ay=320,lx=507,ly=320
[20260802.025008.535-4492-I] PwPatchSynthChildClipped: QGAPROTO,msg=SYNTHPAINT,hwnd=0x50230,owner=0x2043e,rx=4,ry=119,w=223,h=44
[20260802.025008.535-4492-I] SendWindowDamageEvent: QGAPROTO,msg=DAMAGE,hwnd=0x2043e,rx=4,ry=119,w=223,h=44,ax=507,ay=320,lx=507,ly=320
[20260802.025008.535-4492-I] PwPatchSynthChildClipped: QGAPROTO,msg=SYNTHPAINT,hwnd=0x50230,owner=0x2043e,rx=1,ry=50,w=229,h=196
[20260802.025008.535-4492-I] SendWindowDamageEvent: QGAPROTO,msg=DAMAGE,hwnd=0x2043e,rx=1,ry=50,w=229,h=196,ax=507,ay=320,lx=507,ly=320
[20260802.025008.925-4492-I] PwPatchSynthChildClipped: QGAPROTO,msg=SYNTHPAINT,hwnd=0x50230,owner=0x2043e,rx=4,ry=141,w=223,h=22
[20260802.025008.925-4492-I] SendWindowDamageEvent: QGAPROTO,msg=DAMAGE,hwnd=0x2043e,rx=4,ry=141,w=223,h=22,ax=507,ay=320,lx=507,ly=320
[20260802.025008.925-4492-I] PwPatchSynthChildClipped: QGAPROTO,msg=SYNTHPAINT,hwnd=0x50230,owner=0x2043e,rx=1,ry=50,w=229,h=196
[20260802.025008.925-4492-I] SendWindowDamageEvent: QGAPROTO,msg=DAMAGE,hwnd=0x2043e,rx=1,ry=50,w=229,h=196,ax=507,ay=320,lx=507,ly=320
[20260802.025233.535-4492-I] SendWindowDamageEvent: QGAPROTO,msg=DAMAGE,hwnd=0x2043e,rx=0,ry=0,w=686,h=493,ax=507,ay=320,lx=507,ly=320
[20260802.025233.597-6420-I] SendWindowDamageEvent: QGAPROTO,msg=DAMAGE,hwnd=0x2043e,rx=0,ry=50,w=686,h=196,ax=507,ay=320,lx=507,ly=320
[20260802.025238.957-6420-I] SendWindowDamageEvent: QGAPROTO,msg=DAMAGE,hwnd=0x2043e,rx=0,ry=31,w=686,h=19,ax=507,ay=320,lx=507,ly=320
[20260802.025239.097-4492-I] SendWindowConfigure: QGAPROTO,msg=CONFIGURE,hwnd=0x2043e,x=503,y=355,w=686,h=493,ovr=0
[20260802.025239.097-4492-I] SendWindowConfigure: QGAPROTO,msg=CONFIGURE,hwnd=0x2043e,x=496,y=380,w=686,h=493,ovr=0
[20260802.025239.160-4492-I] SendWindowConfigure: QGAPROTO,msg=CONFIGURE,hwnd=0x2043e,x=489,y=397,w=686,h=493,ovr=0
[20260802.025239.160-6420-I] SendWindowDamageEvent: QGAPROTO,msg=DAMAGE,hwnd=0x2043e,rx=0,ry=51,w=686,h=18,ax=489,ay=397,lx=489,ly=397
[20260802.025239.160-4492-I] SendWindowConfigure: QGAPROTO,msg=CONFIGURE,hwnd=0x2043e,x=481,y=412,w=686,h=493,ovr=0
[20260802.025239.207-4492-I] SendWindowConfigure: QGAPROTO,msg=CONFIGURE,hwnd=0x2043e,x=470,y=428,w=686,h=493,ovr=0
[20260802.025239.253-4492-I] SendWindowConfigure: QGAPROTO,msg=CONFIGURE,hwnd=0x2043e,x=460,y=440,w=686,h=493,ovr=0
[20260802.025239.253-4492-I] SendWindowConfigure: QGAPROTO,msg=CONFIGURE,hwnd=0x2043e,x=447,y=453,w=686,h=493,ovr=0
[20260802.025239.316-4492-I] SendWindowConfigure: QGAPROTO,msg=CONFIGURE,hwnd=0x2043e,x=434,y=464,w=686,h=493,ovr=0
[20260802.025239.316-4492-I] SendWindowConfigure: QGAPROTO,msg=CONFIGURE,hwnd=0x2043e,x=419,y=474,w=686,h=493,ovr=0
[20260802.025239.379-4492-I] SendWindowConfigure: QGAPROTO,msg=CONFIGURE,hwnd=0x2043e,x=403,y=482,w=686,h=493,ovr=0
[20260802.025239.379-4492-I] SendWindowConfigure: QGAPROTO,msg=CONFIGURE,hwnd=0x2043e,x=391,y=487,w=686,h=493,ovr=0
[20260802.025239.410-4492-I] SendWindowConfigure: QGAPROTO,msg=CONFIGURE,hwnd=0x2043e,x=370,y=494,w=686,h=493,ovr=0
[20260802.025239.472-4492-I] SendWindowConfigure: QGAPROTO,msg=CONFIGURE,hwnd=0x2043e,x=353,y=498,w=686,h=493,ovr=0
[20260802.025239.472-4492-I] SendWindowConfigure: QGAPROTO,msg=CONFIGURE,hwnd=0x2043e,x=335,y=499,w=686,h=493,ovr=0
[20260802.025239.537-4492-I] SendWindowConfigure: QGAPROTO,msg=CONFIGURE,hwnd=0x2043e,x=319,y=499,w=686,h=493,ovr=0
[20260802.025239.537-4492-I] SendWindowConfigure: QGAPROTO,msg=CONFIGURE,hwnd=0x2043e,x=300,y=497,w=686,h=493,ovr=0
[20260802.025239.537-4492-I] SendWindowConfigure: QGAPROTO,msg=CONFIGURE,hwnd=0x2043e,x=319,y=499,w=686,h=493,ovr=0
[20260802.025239.550-4492-I] SendWindowConfigure: QGAPROTO,msg=CONFIGURE,hwnd=0x2043e,x=300,y=497,w=686,h=493,ovr=0
[20260802.025239.597-4492-I] SendWindowConfigure: QGAPROTO,msg=CONFIGURE,hwnd=0x2043e,x=326,y=499,w=686,h=493,ovr=0
[20260802.025239.597-4492-I] SendWindowConfigure: QGAPROTO,msg=CONFIGURE,hwnd=0x2043e,x=267,y=489,w=686,h=493,ovr=0
[20260802.025239.597-6420-I] SendWindowDamageEvent: QGAPROTO,msg=DAMAGE,hwnd=0x2043e,rx=0,ry=51,w=686,h=18,ax=267,ay=489,lx=267,ly=489
[20260802.025239.660-4492-I] SendWindowConfigure: QGAPROTO,msg=CONFIGURE,hwnd=0x2043e,x=251,y=482,w=686,h=493,ovr=0
[20260802.025239.660-4492-I] SendWindowConfigure: QGAPROTO,msg=CONFIGURE,hwnd=0x2043e,x=235,y=474,w=686,h=493,ovr=0
[20260802.025239.722-4492-I] SendWindowConfigure: QGAPROTO,msg=CONFIGURE,hwnd=0x2043e,x=226,y=468,w=686,h=493,ovr=0
[20260802.025239.722-4492-I] SendWindowConfigure: QGAPROTO,msg=CONFIGURE,hwnd=0x2043e,x=207,y=453,w=686,h=493,ovr=0
[20260802.025239.753-4492-I] SendWindowConfigure: QGAPROTO,msg=CONFIGURE,hwnd=0x2043e,x=194,y=440,w=686,h=493,ovr=0
[20260802.025239.802-4492-I] SendWindowConfigure: QGAPROTO,msg=CONFIGURE,hwnd=0x2043e,x=183,y=426,w=686,h=493,ovr=0
[20260802.025239.880-4492-I] SendWindowConfigure: QGAPROTO,msg=CONFIGURE,hwnd=0x2043e,x=169,y=404,w=686,h=493,ovr=0
[20260802.025239.894-4492-I] SendWindowConfigure: QGAPROTO,msg=CONFIGURE,hwnd=0x2043e,x=161,y=388,w=686,h=493,ovr=0
[20260802.025239.941-4492-I] SendWindowConfigure: QGAPROTO,msg=CONFIGURE,hwnd=0x2043e,x=153,y=363,w=686,h=493,ovr=0
[20260802.025239.941-4492-I] SendWindowConfigure: QGAPROTO,msg=CONFIGURE,hwnd=0x2043e,x=149,y=346,w=686,h=493,ovr=0
[20260802.025239.991-4492-I] SendWindowConfigure: QGAPROTO,msg=CONFIGURE,hwnd=0x2043e,x=148,y=328,w=686,h=493,ovr=0
[20260802.025239.991-4492-I] SendWindowConfigure: QGAPROTO,msg=CONFIGURE,hwnd=0x2043e,x=148,y=319,w=686,h=493,ovr=0
[20260802.025240.035-4492-I] SendWindowConfigure: QGAPROTO,msg=CONFIGURE,hwnd=0x2043e,x=149,y=294,w=686,h=493,ovr=0
[20260802.025240.035-6420-I] SendWindowDamageEvent: QGAPROTO,msg=DAMAGE,hwnd=0x2043e,rx=0,ry=51,w=686,h=18,ax=149,ay=294,lx=149,ly=294
[20260802.025240.086-4492-I] SendWindowConfigure: QGAPROTO,msg=CONFIGURE,hwnd=0x2043e,x=153,y=277,w=686,h=493,ovr=0
[20260802.025240.086-4492-I] SendWindowConfigure: QGAPROTO,msg=CONFIGURE,hwnd=0x2043e,x=156,y=266,w=686,h=493,ovr=0
[20260802.025240.129-4492-I] SendWindowConfigure: QGAPROTO,msg=CONFIGURE,hwnd=0x2043e,x=161,y=252,w=686,h=493,ovr=0
[20260802.025240.209-4492-I] SendWindowConfigure: QGAPROTO,msg=CONFIGURE,hwnd=0x2043e,x=169,y=235,w=686,h=493,ovr=0
[20260802.025240.209-4492-I] SendWindowConfigure: QGAPROTO,msg=CONFIGURE,hwnd=0x2043e,x=189,y=205,w=686,h=493,ovr=0
[20260802.025240.317-4492-I] SendWindowConfigure: QGAPROTO,msg=CONFIGURE,hwnd=0x2043e,x=200,y=193,w=686,h=493,ovr=0
[20260802.025240.317-4492-I] SendWindowConfigure: QGAPROTO,msg=CONFIGURE,hwnd=0x2043e,x=230,y=169,w=686,h=493,ovr=0
[20260802.025240.363-4492-I] SendWindowConfigure: QGAPROTO,msg=CONFIGURE,hwnd=0x2043e,x=244,y=161,w=686,h=493,ovr=0
[20260802.025240.425-4492-I] SendWindowConfigure: QGAPROTO,msg=CONFIGURE,hwnd=0x2043e,x=267,y=151,w=686,h=493,ovr=0
[20260802.025240.425-4492-I] SendWindowConfigure: QGAPROTO,msg=CONFIGURE,hwnd=0x2043e,x=284,y=146,w=686,h=493,ovr=0
[20260802.025240.425-4492-I] SendWindowConfigure: QGAPROTO,msg=CONFIGURE,hwnd=0x2043e,x=267,y=151,w=686,h=493,ovr=0
[20260802.025240.425-4492-I] SendWindowConfigure: QGAPROTO,msg=CONFIGURE,hwnd=0x2043e,x=284,y=146,w=686,h=493,ovr=0
[20260802.025240.457-4492-I] SendWindowConfigure: QGAPROTO,msg=CONFIGURE,hwnd=0x2043e,x=274,y=151,w=686,h=493,ovr=0
[20260802.025240.457-4492-I] SendWindowConfigure: QGAPROTO,msg=CONFIGURE,hwnd=0x2043e,x=301,y=142,w=686,h=493,ovr=0
[20260802.025240.519-4492-I] SendWindowConfigure: QGAPROTO,msg=CONFIGURE,hwnd=0x2043e,x=327,y=141,w=686,h=493,ovr=0
[20260802.025240.519-4492-I] SendWindowConfigure: QGAPROTO,msg=CONFIGURE,hwnd=0x2043e,x=344,y=141,w=686,h=493,ovr=0
[20260802.025240.582-4492-I] SendWindowConfigure: QGAPROTO,msg=CONFIGURE,hwnd=0x2043e,x=362,y=144,w=686,h=493,ovr=0
[20260802.025240.582-4492-I] SendWindowConfigure: QGAPROTO,msg=CONFIGURE,hwnd=0x2043e,x=379,y=148,w=686,h=493,ovr=0
[20260802.025240.582-6420-I] SendWindowDamageEvent: QGAPROTO,msg=DAMAGE,hwnd=0x2043e,rx=0,ry=51,w=686,h=18,ax=379,ay=148,lx=379,ly=148
[20260802.025240.644-4492-I] SendWindowConfigure: QGAPROTO,msg=CONFIGURE,hwnd=0x2043e,x=395,y=154,w=686,h=493,ovr=0
[20260802.025240.644-4492-I] SendWindowConfigure: QGAPROTO,msg=CONFIGURE,hwnd=0x2043e,x=411,y=162,w=686,h=493,ovr=0
[20260802.025240.707-4492-I] SendWindowConfigure: QGAPROTO,msg=CONFIGURE,hwnd=0x2043e,x=426,y=171,w=686,h=493,ovr=0
[20260802.025240.707-4492-I] SendWindowConfigure: QGAPROTO,msg=CONFIGURE,hwnd=0x2043e,x=441,y=181,w=686,h=493,ovr=0
[20260802.025240.754-4492-I] SendWindowConfigure: QGAPROTO,msg=CONFIGURE,hwnd=0x2043e,x=454,y=193,w=686,h=493,ovr=0
[20260802.025240.817-4492-I] SendWindowConfigure: QGAPROTO,msg=CONFIGURE,hwnd=0x2043e,x=466,y=206,w=686,h=493,ovr=0
[20260802.025240.817-4492-I] SendWindowConfigure: QGAPROTO,msg=CONFIGURE,hwnd=0x2043e,x=476,y=220,w=686,h=493,ovr=0
[20260802.025240.880-4492-I] SendWindowConfigure: QGAPROTO,msg=CONFIGURE,hwnd=0x2043e,x=487,y=238,w=686,h=493,ovr=0
[20260802.025240.880-4492-I] SendWindowConfigure: QGAPROTO,msg=CONFIGURE,hwnd=0x2043e,x=493,y=252,w=686,h=493,ovr=0
[20260802.025240.925-4492-I] SendWindowConfigure: QGAPROTO,msg=CONFIGURE,hwnd=0x2043e,x=501,y=277,w=686,h=493,ovr=0
[20260802.025240.972-4492-I] SendWindowConfigure: QGAPROTO,msg=CONFIGURE,hwnd=0x2043e,x=505,y=294,w=686,h=493,ovr=0
[20260802.025240.972-4492-I] SendWindowConfigure: QGAPROTO,msg=CONFIGURE,hwnd=0x2043e,x=506,y=312,w=686,h=493,ovr=0
[20260802.025241.036-4492-I] SendWindowConfigure: QGAPROTO,msg=CONFIGURE,hwnd=0x2043e,x=506,y=328,w=686,h=493,ovr=0
[20260802.025241.113-4492-I] SendWindowConfigure: QGAPROTO,msg=CONFIGURE,hwnd=0x2043e,x=503,y=356,w=686,h=493,ovr=0
[20260802.025241.113-4492-I] SendWindowConfigure: QGAPROTO,msg=CONFIGURE,hwnd=0x2043e,x=493,y=388,w=686,h=493,ovr=0
[20260802.025241.175-4492-I] SendWindowConfigure: QGAPROTO,msg=CONFIGURE,hwnd=0x2043e,x=485,y=404,w=686,h=493,ovr=0
[20260802.025241.175-4492-I] SendWindowConfigure: QGAPROTO,msg=CONFIGURE,hwnd=0x2043e,x=476,y=419,w=686,h=493,ovr=0
[20260802.025241.175-6420-I] SendWindowDamageEvent: QGAPROTO,msg=DAMAGE,hwnd=0x2043e,rx=0,ry=51,w=686,h=18,ax=476,ay=419,lx=476,ly=419
[20260802.025241.246-4492-I] SendWindowConfigure: QGAPROTO,msg=CONFIGURE,hwnd=0x2043e,x=466,y=434,w=686,h=493,ovr=0
[20260802.025241.246-4492-I] SendWindowConfigure: QGAPROTO,msg=CONFIGURE,hwnd=0x2043e,x=450,y=450,w=686,h=493,ovr=0
[20260802.025241.246-4492-I] SendWindowConfigure: QGAPROTO,msg=CONFIGURE,hwnd=0x2043e,x=466,y=434,w=686,h=493,ovr=0
[20260802.025241.246-4492-I] SendWindowConfigure: QGAPROTO,msg=CONFIGURE,hwnd=0x2043e,x=450,y=450,w=686,h=493,ovr=0
[20260802.025241.300-4492-I] SendWindowConfigure: QGAPROTO,msg=CONFIGURE,hwnd=0x2043e,x=473,y=434,w=686,h=493,ovr=0
[20260802.025241.300-4492-I] SendWindowConfigure: QGAPROTO,msg=CONFIGURE,hwnd=0x2043e,x=427,y=469,w=686,h=493,ovr=0
[20260802.025241.363-4492-I] SendWindowConfigure: QGAPROTO,msg=CONFIGURE,hwnd=0x2043e,x=415,y=476,w=686,h=493,ovr=0
[20260802.025241.363-4492-I] SendWindowConfigure: QGAPROTO,msg=CONFIGURE,hwnd=0x2043e,x=404,y=482,w=686,h=493,ovr=0
[20260802.025241.410-4492-I] SendWindowConfigure: QGAPROTO,msg=CONFIGURE,hwnd=0x2043e,x=387,y=489,w=686,h=493,ovr=0
[20260802.025241.410-4492-I] SendWindowConfigure: QGAPROTO,msg=CONFIGURE,hwnd=0x2043e,x=369,y=494,w=686,h=493,ovr=0
[20260802.025241.410-4492-I] SendWindowConfigure: QGAPROTO,msg=CONFIGURE,hwnd=0x2043e,x=387,y=489,w=686,h=493,ovr=0
[20260802.025241.410-4492-I] SendWindowConfigure: QGAPROTO,msg=CONFIGURE,hwnd=0x2043e,x=369,y=494,w=686,h=493,ovr=0
[20260802.025241.442-4492-I] SendWindowConfigure: QGAPROTO,msg=CONFIGURE,hwnd=0x2043e,x=394,y=489,w=686,h=493,ovr=0
[20260802.025241.442-4492-I] SendWindowConfigure: QGAPROTO,msg=CONFIGURE,hwnd=0x2043e,x=376,y=494,w=686,h=493,ovr=0
[20260802.025241.457-4492-I] SendWindowConfigure: QGAPROTO,msg=CONFIGURE,hwnd=0x2043e,x=352,y=498,w=686,h=493,ovr=0
[20260802.025241.457-4492-I] SendWindowConfigure: QGAPROTO,msg=CONFIGURE,hwnd=0x2043e,x=376,y=494,w=686,h=493,ovr=0
[20260802.025241.457-4492-I] SendWindowConfigure: QGAPROTO,msg=CONFIGURE,hwnd=0x2043e,x=352,y=498,w=686,h=493,ovr=0
[20260802.025241.457-4492-I] SendWindowConfigure: QGAPROTO,msg=CONFIGURE,hwnd=0x2043e,x=383,y=494,w=686,h=493,ovr=0
[20260802.025241.535-4492-I] SendWindowConfigure: QGAPROTO,msg=CONFIGURE,hwnd=0x2043e,x=335,y=499,w=686,h=493,ovr=0
[20260802.025241.535-4492-I] SendWindowConfigure: QGAPROTO,msg=CONFIGURE,hwnd=0x2043e,x=301,y=498,w=686,h=493,ovr=0
[20260802.025241.582-4492-I] SendWindowConfigure: QGAPROTO,msg=CONFIGURE,hwnd=0x2043e,x=284,y=494,w=686,h=493,ovr=0
[20260802.025241.628-4492-I] SendWindowConfigure: QGAPROTO,msg=CONFIGURE,hwnd=0x2043e,x=267,y=489,w=686,h=493,ovr=0
[20260802.025241.628-4492-I] SendWindowConfigure: QGAPROTO,msg=CONFIGURE,hwnd=0x2043e,x=251,y=482,w=686,h=493,ovr=0
[20260802.025241.691-4492-I] SendWindowConfigure: QGAPROTO,msg=CONFIGURE,hwnd=0x2043e,x=235,y=474,w=686,h=493,ovr=0
[20260802.025241.691-4492-I] SendWindowConfigure: QGAPROTO,msg=CONFIGURE,hwnd=0x2043e,x=220,y=464,w=686,h=493,ovr=0
[20260802.025241.738-4492-I] SendWindowConfigure: QGAPROTO,msg=CONFIGURE,hwnd=0x2043e,x=207,y=453,w=686,h=493,ovr=0
[20260802.025241.785-4492-I] SendWindowConfigure: QGAPROTO,msg=CONFIGURE,hwnd=0x2043e,x=194,y=440,w=686,h=493,ovr=0
[20260802.025241.800-4492-I] SendWindowConfigure: QGAPROTO,msg=CONFIGURE,hwnd=0x2043e,x=183,y=427,w=686,h=493,ovr=0
[20260802.025241.863-4492-I] SendWindowConfigure: QGAPROTO,msg=CONFIGURE,hwnd=0x2043e,x=173,y=412,w=686,h=493,ovr=0
[20260802.025241.863-4492-I] SendWindowConfigure: QGAPROTO,msg=CONFIGURE,hwnd=0x2043e,x=161,y=388,w=686,h=493,ovr=0
[20260802.025241.928-4492-I] SendWindowConfigure: QGAPROTO,msg=CONFIGURE,hwnd=0x2043e,x=155,y=372,w=686,h=493,ovr=0
[20260802.025241.928-4492-I] SendWindowConfigure: QGAPROTO,msg=CONFIGURE,hwnd=0x2043e,x=152,y=361,w=686,h=493,ovr=0
[20260802.025241.988-4492-I] SendWindowConfigure: QGAPROTO,msg=CONFIGURE,hwnd=0x2043e,x=149,y=346,w=686,h=493,ovr=0
[20260802.025241.988-4492-I] SendWindowConfigure: QGAPROTO,msg=CONFIGURE,hwnd=0x2043e,x=148,y=328,w=686,h=493,ovr=0
[20260802.025241.988-4492-I] SendWindowConfigure: QGAPROTO,msg=CONFIGURE,hwnd=0x2043e,x=149,y=346,w=686,h=493,ovr=0
[20260802.025241.988-4492-I] SendWindowConfigure: QGAPROTO,msg=CONFIGURE,hwnd=0x2043e,x=148,y=328,w=686,h=493,ovr=0
[20260802.025242.021-4492-I] SendWindowConfigure: QGAPROTO,msg=CONFIGURE,hwnd=0x2043e,x=156,y=346,w=686,h=493,ovr=0
[20260802.025242.021-4492-I] SendWindowConfigure: QGAPROTO,msg=CONFIGURE,hwnd=0x2043e,x=155,y=328,w=686,h=493,ovr=0
[20260802.025242.021-4492-I] SendWindowConfigure: QGAPROTO,msg=CONFIGURE,hwnd=0x2043e,x=148,y=311,w=686,h=493,ovr=0
[20260802.025242.021-4492-I] SendWindowConfigure: QGAPROTO,msg=CONFIGURE,hwnd=0x2043e,x=155,y=328,w=686,h=493,ovr=0
[20260802.025242.021-4492-I] SendWindowConfigure: QGAPROTO,msg=CONFIGURE,hwnd=0x2043e,x=148,y=311,w=686,h=493,ovr=0
[20260802.025242.097-4492-I] SendWindowConfigure: QGAPROTO,msg=CONFIGURE,hwnd=0x2043e,x=162,y=328,w=686,h=493,ovr=0
[20260802.025242.097-4492-I] SendWindowConfigure: QGAPROTO,msg=CONFIGURE,hwnd=0x2043e,x=155,y=268,w=686,h=493,ovr=0
[20260802.025242.097-4492-I] SendWindowConfigure: QGAPROTO,msg=CONFIGURE,hwnd=0x2043e,x=162,y=328,w=686,h=493,ovr=0
[20260802.025242.097-4492-I] SendWindowConfigure: QGAPROTO,msg=CONFIGURE,hwnd=0x2043e,x=155,y=268,w=686,h=493,ovr=0
[20260802.025242.129-4492-I] SendWindowConfigure: QGAPROTO,msg=CONFIGURE,hwnd=0x2043e,x=169,y=328,w=686,h=493,ovr=0
[20260802.025242.129-4492-I] SendWindowConfigure: QGAPROTO,msg=CONFIGURE,hwnd=0x2043e,x=161,y=252,w=686,h=493,ovr=0
[20260802.025242.175-4492-I] SendWindowConfigure: QGAPROTO,msg=CONFIGURE,hwnd=0x2043e,x=169,y=236,w=686,h=493,ovr=0
[20260802.025242.175-4492-I] SendWindowConfigure: QGAPROTO,msg=CONFIGURE,hwnd=0x2043e,x=178,y=221,w=686,h=493,ovr=0
[20260802.025242.238-4492-I] SendWindowConfigure: QGAPROTO,msg=CONFIGURE,hwnd=0x2043e,x=188,y=206,w=686,h=493,ovr=0
[20260802.025242.238-4492-I] SendWindowConfigure: QGAPROTO,msg=CONFIGURE,hwnd=0x2043e,x=200,y=193,w=686,h=493,ovr=0
[20260802.025242.300-4492-I] SendWindowConfigure: QGAPROTO,msg=CONFIGURE,hwnd=0x2043e,x=213,y=181,w=686,h=493,ovr=0
[20260802.025242.300-4492-I] SendWindowConfigure: QGAPROTO,msg=CONFIGURE,hwnd=0x2043e,x=227,y=171,w=686,h=493,ovr=0
[20260802.025242.347-4492-I] SendWindowConfigure: QGAPROTO,msg=CONFIGURE,hwnd=0x2043e,x=243,y=162,w=686,h=493,ovr=0
[20260802.025242.425-4492-I] SendWindowConfigure: QGAPROTO,msg=CONFIGURE,hwnd=0x2043e,x=259,y=154,w=686,h=493,ovr=0
[20260802.025242.425-4492-I] SendWindowConfigure: QGAPROTO,msg=CONFIGURE,hwnd=0x2043e,x=292,y=144,w=686,h=493,ovr=0
[20260802.025242.488-4492-I] SendWindowConfigure: QGAPROTO,msg=CONFIGURE,hwnd=0x2043e,x=310,y=141,w=686,h=493,ovr=0
[20260802.025242.488-4492-I] SendWindowConfigure: QGAPROTO,msg=CONFIGURE,hwnd=0x2043e,x=327,y=141,w=686,h=493,ovr=0
[20260802.025242.535-4492-I] SendWindowConfigure: QGAPROTO,msg=CONFIGURE,hwnd=0x2043e,x=344,y=141,w=686,h=493,ovr=0
[20260802.025242.582-4492-I] SendWindowConfigure: QGAPROTO,msg=CONFIGURE,hwnd=0x2043e,x=362,y=144,w=686,h=493,ovr=0
[20260802.025242.582-4492-I] SendWindowConfigure: QGAPROTO,msg=CONFIGURE,hwnd=0x2043e,x=379,y=148,w=686,h=493,ovr=0
[20260802.025242.628-4492-I] SendWindowConfigure: QGAPROTO,msg=CONFIGURE,hwnd=0x2043e,x=395,y=154,w=686,h=493,ovr=0
[20260802.025242.675-4492-I] SendWindowConfigure: QGAPROTO,msg=CONFIGURE,hwnd=0x2043e,x=411,y=162,w=686,h=493,ovr=0
[20260802.025242.675-4492-I] SendWindowConfigure: QGAPROTO,msg=CONFIGURE,hwnd=0x2043e,x=426,y=171,w=686,h=493,ovr=0
[20260802.025242.738-4492-I] SendWindowConfigure: QGAPROTO,msg=CONFIGURE,hwnd=0x2043e,x=441,y=181,w=686,h=493,ovr=0
[20260802.025242.738-4492-I] SendWindowConfigure: QGAPROTO,msg=CONFIGURE,hwnd=0x2043e,x=454,y=193,w=686,h=493,ovr=0
[20260802.025242.800-4492-I] SendWindowConfigure: QGAPROTO,msg=CONFIGURE,hwnd=0x2043e,x=466,y=206,w=686,h=493,ovr=0
[20260802.025242.800-4492-I] SendWindowConfigure: QGAPROTO,msg=CONFIGURE,hwnd=0x2043e,x=476,y=220,w=686,h=493,ovr=0
[20260802.025242.832-4492-I] SendWindowConfigure: QGAPROTO,msg=CONFIGURE,hwnd=0x2043e,x=485,y=236,w=686,h=493,ovr=0
[20260802.025242.894-4492-I] SendWindowConfigure: QGAPROTO,msg=CONFIGURE,hwnd=0x2043e,x=493,y=252,w=686,h=493,ovr=0
[20260802.025242.894-4492-I] SendWindowConfigure: QGAPROTO,msg=CONFIGURE,hwnd=0x2043e,x=499,y=268,w=686,h=493,ovr=0
[20260802.025242.941-4492-I] SendWindowConfigure: QGAPROTO,msg=CONFIGURE,hwnd=0x2043e,x=505,y=294,w=686,h=493,ovr=0
[20260802.025243.008-4492-I] SendWindowConfigure: QGAPROTO,msg=CONFIGURE,hwnd=0x2043e,x=506,y=312,w=686,h=493,ovr=0
[20260802.025243.008-4492-I] SendWindowConfigure: QGAPROTO,msg=CONFIGURE,hwnd=0x2043e,x=506,y=331,w=686,h=493,ovr=0
[20260802.025243.008-4492-I] SendWindowConfigure: QGAPROTO,msg=CONFIGURE,hwnd=0x2043e,x=506,y=312,w=686,h=493,ovr=0
[20260802.025243.008-4492-I] SendWindowConfigure: QGAPROTO,msg=CONFIGURE,hwnd=0x2043e,x=506,y=331,w=686,h=493,ovr=0
[20260802.025243.050-4492-I] SendWindowConfigure: QGAPROTO,msg=CONFIGURE,hwnd=0x2043e,x=513,y=312,w=686,h=493,ovr=0
[20260802.025243.050-4492-I] SendWindowConfigure: QGAPROTO,msg=CONFIGURE,hwnd=0x2043e,x=505,y=346,w=686,h=493,ovr=0
[20260802.025243.050-4492-I] SendWindowConfigure: QGAPROTO,msg=CONFIGURE,hwnd=0x2043e,x=513,y=312,w=686,h=493,ovr=0
[20260802.025243.050-4492-I] SendWindowConfigure: QGAPROTO,msg=CONFIGURE,hwnd=0x2043e,x=520,y=312,w=686,h=493,ovr=0
[20260802.025243.050-4492-I] SendWindowConfigure: QGAPROTO,msg=CONFIGURE,hwnd=0x2043e,x=505,y=346,w=686,h=493,ovr=0
[20260802.025243.050-4492-I] SendWindowConfigure: QGAPROTO,msg=CONFIGURE,hwnd=0x2043e,x=520,y=312,w=686,h=493,ovr=0
[20260802.025243.050-4492-I] SendWindowConfigure: QGAPROTO,msg=CONFIGURE,hwnd=0x2043e,x=512,y=346,w=686,h=493,ovr=0
[20260802.025243.066-4492-I] SendWindowConfigure: QGAPROTO,msg=CONFIGURE,hwnd=0x2043e,x=527,y=312,w=686,h=493,ovr=0
[20260802.025243.104-4492-I] SendWindowConfigure: QGAPROTO,msg=CONFIGURE,hwnd=0x2043e,x=501,y=363,w=686,h=493,ovr=0
[20260802.025243.104-4492-I] SendWindowConfigure: QGAPROTO,msg=CONFIGURE,hwnd=0x2043e,x=495,y=383,w=686,h=493,ovr=0
[20260802.025243.104-4492-I] SendWindowConfigure: QGAPROTO,msg=CONFIGURE,hwnd=0x2043e,x=501,y=363,w=686,h=493,ovr=0
[20260802.025243.104-4492-I] SendWindowConfigure: QGAPROTO,msg=CONFIGURE,hwnd=0x2043e,x=495,y=383,w=686,h=493,ovr=0
[20260802.025243.160-4492-I] SendWindowConfigure: QGAPROTO,msg=CONFIGURE,hwnd=0x2043e,x=508,y=363,w=686,h=493,ovr=0
[20260802.025243.160-4492-I] SendWindowConfigure: QGAPROTO,msg=CONFIGURE,hwnd=0x2043e,x=481,y=412,w=686,h=493,ovr=0
[20260802.025243.207-4492-I] SendWindowConfigure: QGAPROTO,msg=CONFIGURE,hwnd=0x2043e,x=471,y=427,w=686,h=493,ovr=0
[20260802.025243.269-4492-I] SendWindowConfigure: QGAPROTO,msg=CONFIGURE,hwnd=0x2043e,x=460,y=440,w=686,h=493,ovr=0
[20260802.025243.269-4492-I] SendWindowConfigure: QGAPROTO,msg=CONFIGURE,hwnd=0x2043e,x=447,y=453,w=686,h=493,ovr=0
[20260802.025243.300-4492-I] SendWindowConfigure: QGAPROTO,msg=CONFIGURE,hwnd=0x2043e,x=434,y=464,w=686,h=493,ovr=0
[20260802.025243.347-4492-I] SendWindowConfigure: QGAPROTO,msg=CONFIGURE,hwnd=0x2043e,x=419,y=474,w=686,h=493,ovr=0
[20260802.025243.368-4492-I] SendWindowConfigure: QGAPROTO,msg=CONFIGURE,hwnd=0x2043e,x=403,y=482,w=686,h=493,ovr=0
[20260802.025243.368-4492-I] SendWindowConfigure: QGAPROTO,msg=CONFIGURE,hwnd=0x2043e,x=393,y=487,w=686,h=493,ovr=0
[20260802.025243.410-4492-I] SendWindowConfigure: QGAPROTO,msg=CONFIGURE,hwnd=0x2043e,x=379,y=492,w=686,h=493,ovr=0
[20260802.025243.462-4492-I] SendWindowConfigure: QGAPROTO,msg=CONFIGURE,hwnd=0x2043e,x=362,y=496,w=686,h=493,ovr=0
[20260802.025243.462-4492-I] SendWindowConfigure: QGAPROTO,msg=CONFIGURE,hwnd=0x2043e,x=341,y=499,w=686,h=493,ovr=0
[20260802.025243.462-4492-I] SendWindowConfigure: QGAPROTO,msg=CONFIGURE,hwnd=0x2043e,x=362,y=496,w=686,h=493,ovr=0
[20260802.025243.462-4492-I] SendWindowConfigure: QGAPROTO,msg=CONFIGURE,hwnd=0x2043e,x=341,y=499,w=686,h=493,ovr=0
[20260802.025243.519-4492-I] SendWindowConfigure: QGAPROTO,msg=CONFIGURE,hwnd=0x2043e,x=369,y=496,w=686,h=493,ovr=0
[20260802.025243.519-4492-I] SendWindowConfigure: QGAPROTO,msg=CONFIGURE,hwnd=0x2043e,x=310,y=499,w=686,h=493,ovr=0
[20260802.025243.566-4492-I] SendWindowConfigure: QGAPROTO,msg=CONFIGURE,hwnd=0x2043e,x=292,y=496,w=686,h=493,ovr=0
[20260802.025243.628-4492-I] SendWindowConfigure: QGAPROTO,msg=CONFIGURE,hwnd=0x2043e,x=275,y=492,w=686,h=493,ovr=0
[20260802.025243.628-4492-I] SendWindowConfigure: QGAPROTO,msg=CONFIGURE,hwnd=0x2043e,x=259,y=486,w=686,h=493,ovr=0
[20260802.025243.675-4492-I] SendWindowConfigure: QGAPROTO,msg=CONFIGURE,hwnd=0x2043e,x=243,y=478,w=686,h=493,ovr=0
[20260802.025243.675-4492-I] SendWindowConfigure: QGAPROTO,msg=CONFIGURE,hwnd=0x2043e,x=228,y=469,w=686,h=493,ovr=0
[20260802.025243.722-4492-I] SendWindowConfigure: QGAPROTO,msg=CONFIGURE,hwnd=0x2043e,x=213,y=459,w=686,h=493,ovr=0
[20260802.025243.800-4492-I] SendWindowConfigure: QGAPROTO,msg=CONFIGURE,hwnd=0x2043e,x=200,y=447,w=686,h=493,ovr=0
[20260802.025243.800-4492-I] SendWindowConfigure: QGAPROTO,msg=CONFIGURE,hwnd=0x2043e,x=188,y=434,w=686,h=493,ovr=0
[20260802.025243.816-4492-I] SendWindowConfigure: QGAPROTO,msg=CONFIGURE,hwnd=0x2043e,x=178,y=420,w=686,h=493,ovr=0
[20260802.025243.816-4492-I] SendWindowConfigure: QGAPROTO,msg=CONFIGURE,hwnd=0x2043e,x=188,y=434,w=686,h=493,ovr=0
[20260802.025243.816-4492-I] SendWindowConfigure: QGAPROTO,msg=CONFIGURE,hwnd=0x2043e,x=178,y=420,w=686,h=493,ovr=0
[20260802.025243.848-4492-I] SendWindowConfigure: QGAPROTO,msg=CONFIGURE,hwnd=0x2043e,x=195,y=434,w=686,h=493,ovr=0
[20260802.025243.848-4492-I] SendWindowConfigure: QGAPROTO,msg=CONFIGURE,hwnd=0x2043e,x=169,y=404,w=686,h=493,ovr=0
[20260802.025243.910-4492-I] SendWindowConfigure: QGAPROTO,msg=CONFIGURE,hwnd=0x2043e,x=161,y=388,w=686,h=493,ovr=0
[20260802.025243.910-4492-I] SendWindowConfigure: QGAPROTO,msg=CONFIGURE,hwnd=0x2043e,x=155,y=372,w=686,h=493,ovr=0
[20260802.025243.988-4492-I] SendWindowConfigure: QGAPROTO,msg=CONFIGURE,hwnd=0x2043e,x=151,y=355,w=686,h=493,ovr=0
[20260802.025243.988-4492-I] SendWindowConfigure: QGAPROTO,msg=CONFIGURE,hwnd=0x2043e,x=148,y=320,w=686,h=493,ovr=0
[20260802.025244.019-4492-I] SendWindowConfigure: QGAPROTO,msg=CONFIGURE,hwnd=0x2043e,x=148,y=303,w=686,h=493,ovr=0
[20260802.025244.082-4492-I] SendWindowConfigure: QGAPROTO,msg=CONFIGURE,hwnd=0x2043e,x=151,y=285,w=686,h=493,ovr=0
[20260802.025244.082-4492-I] SendWindowConfigure: QGAPROTO,msg=CONFIGURE,hwnd=0x2043e,x=155,y=268,w=686,h=493,ovr=0
[20260802.025244.128-4492-I] SendWindowConfigure: QGAPROTO,msg=CONFIGURE,hwnd=0x2043e,x=161,y=252,w=686,h=493,ovr=0
[20260802.025244.207-4492-I] SendWindowConfigure: QGAPROTO,msg=CONFIGURE,hwnd=0x2043e,x=169,y=236,w=686,h=493,ovr=0
[20260802.025244.238-4492-I] SendWindowConfigure: QGAPROTO,msg=CONFIGURE,hwnd=0x2043e,x=188,y=206,w=686,h=493,ovr=0
[20260802.025244.238-4492-I] SendWindowConfigure: QGAPROTO,msg=CONFIGURE,hwnd=0x2043e,x=200,y=193,w=686,h=493,ovr=0
[20260802.025244.300-4492-I] SendWindowConfigure: QGAPROTO,msg=CONFIGURE,hwnd=0x2043e,x=213,y=181,w=686,h=493,ovr=0
[20260802.025244.300-4492-I] SendWindowConfigure: QGAPROTO,msg=CONFIGURE,hwnd=0x2043e,x=227,y=171,w=686,h=493,ovr=0
[20260802.025244.363-4492-I] SendWindowConfigure: QGAPROTO,msg=CONFIGURE,hwnd=0x2043e,x=243,y=162,w=686,h=493,ovr=0
[20260802.025244.363-4492-I] SendWindowConfigure: QGAPROTO,msg=CONFIGURE,hwnd=0x2043e,x=259,y=154,w=686,h=493,ovr=0
[20260802.025244.425-4492-I] SendWindowConfigure: QGAPROTO,msg=CONFIGURE,hwnd=0x2043e,x=275,y=148,w=686,h=493,ovr=0
[20260802.025244.425-4492-I] SendWindowConfigure: QGAPROTO,msg=CONFIGURE,hwnd=0x2043e,x=292,y=144,w=686,h=493,ovr=0
[20260802.025244.457-4492-I] SendWindowConfigure: QGAPROTO,msg=CONFIGURE,hwnd=0x2043e,x=310,y=141,w=686,h=493,ovr=0
[20260802.025244.519-4492-I] SendWindowConfigure: QGAPROTO,msg=CONFIGURE,hwnd=0x2043e,x=327,y=141,w=686,h=493,ovr=0
[20260802.025244.519-4492-I] SendWindowConfigure: QGAPROTO,msg=CONFIGURE,hwnd=0x2043e,x=344,y=141,w=686,h=493,ovr=0
[20260802.025244.582-4492-I] SendWindowConfigure: QGAPROTO,msg=CONFIGURE,hwnd=0x2043e,x=362,y=144,w=686,h=493,ovr=0
[20260802.025244.582-4492-I] SendWindowConfigure: QGAPROTO,msg=CONFIGURE,hwnd=0x2043e,x=379,y=148,w=686,h=493,ovr=0
[20260802.025244.660-4492-I] SendWindowConfigure: QGAPROTO,msg=CONFIGURE,hwnd=0x2043e,x=395,y=154,w=686,h=493,ovr=0
[20260802.025244.660-4492-I] SendWindowConfigure: QGAPROTO,msg=CONFIGURE,hwnd=0x2043e,x=419,y=166,w=686,h=493,ovr=0
[20260802.025244.707-4492-I] SendWindowConfigure: QGAPROTO,msg=CONFIGURE,hwnd=0x2043e,x=434,y=176,w=686,h=493,ovr=0
[20260802.025244.769-4492-I] SendWindowConfigure: QGAPROTO,msg=CONFIGURE,hwnd=0x2043e,x=447,y=187,w=686,h=493,ovr=0
[20260802.025244.769-4492-I] SendWindowConfigure: QGAPROTO,msg=CONFIGURE,hwnd=0x2043e,x=460,y=200,w=686,h=493,ovr=0
[20260802.025244.847-4492-I] SendWindowConfigure: QGAPROTO,msg=CONFIGURE,hwnd=0x2043e,x=471,y=213,w=686,h=493,ovr=0
[20260802.025244.868-4492-I] SendWindowConfigure: QGAPROTO,msg=CONFIGURE,hwnd=0x2043e,x=489,y=244,w=686,h=493,ovr=0
[20260802.025244.927-4492-I] SendWindowConfigure: QGAPROTO,msg=CONFIGURE,hwnd=0x2043e,x=494,y=254,w=686,h=493,ovr=0
[20260802.025244.988-4492-I] SendWindowConfigure: QGAPROTO,msg=CONFIGURE,hwnd=0x2043e,x=506,y=303,w=686,h=493,ovr=0
[20260802.025245.056-4492-I] SendWindowConfigure: QGAPROTO,msg=CONFIGURE,hwnd=0x2043e,x=506,y=328,w=686,h=493,ovr=0
[20260802.025245.056-4492-I] SendWindowConfigure: QGAPROTO,msg=CONFIGURE,hwnd=0x2043e,x=502,y=357,w=686,h=493,ovr=0
[20260802.025245.097-4492-I] SendWindowConfigure: QGAPROTO,msg=CONFIGURE,hwnd=0x2043e,x=496,y=380,w=686,h=493,ovr=0
[20260802.025245.128-4492-I] SendWindowConfigure: QGAPROTO,msg=CONFIGURE,hwnd=0x2043e,x=489,y=396,w=686,h=493,ovr=0
[20260802.025245.175-4492-I] SendWindowConfigure: QGAPROTO,msg=CONFIGURE,hwnd=0x2043e,x=476,y=419,w=686,h=493,ovr=0
[20260802.025245.222-4492-I] SendWindowConfigure: QGAPROTO,msg=CONFIGURE,hwnd=0x2043e,x=466,y=434,w=686,h=493,ovr=0
[20260802.025245.285-4492-I] SendWindowConfigure: QGAPROTO,msg=CONFIGURE,hwnd=0x2043e,x=454,y=447,w=686,h=493,ovr=0
[20260802.025245.285-4492-I] SendWindowConfigure: QGAPROTO,msg=CONFIGURE,hwnd=0x2043e,x=434,y=464,w=686,h=493,ovr=0
[20260802.025245.347-4492-I] SendWindowConfigure: QGAPROTO,msg=CONFIGURE,hwnd=0x2043e,x=419,y=474,w=686,h=493,ovr=0
[20260802.025245.347-4492-I] SendWindowConfigure: QGAPROTO,msg=CONFIGURE,hwnd=0x2043e,x=404,y=482,w=686,h=493,ovr=0
[20260802.025245.379-4492-I] SendWindowConfigure: QGAPROTO,msg=CONFIGURE,hwnd=0x2043e,x=387,y=489,w=686,h=493,ovr=0
[20260802.025245.472-4492-I] SendWindowConfigure: QGAPROTO,msg=CONFIGURE,hwnd=0x2043e,x=370,y=494,w=686,h=493,ovr=0
[20260802.025245.472-4492-I] SendWindowConfigure: QGAPROTO,msg=CONFIGURE,hwnd=0x2043e,x=335,y=499,w=686,h=493,ovr=0
[20260802.025245.519-4492-I] SendWindowConfigure: QGAPROTO,msg=CONFIGURE,hwnd=0x2043e,x=323,y=499,w=686,h=493,ovr=0
[20260802.025245.519-4492-I] SendWindowConfigure: QGAPROTO,msg=CONFIGURE,hwnd=0x2043e,x=310,y=499,w=686,h=493,ovr=0
[20260802.025245.582-4492-I] SendWindowConfigure: QGAPROTO,msg=CONFIGURE,hwnd=0x2043e,x=292,y=496,w=686,h=493,ovr=0
[20260802.025245.582-4492-I] SendWindowConfigure: QGAPROTO,msg=CONFIGURE,hwnd=0x2043e,x=275,y=492,w=686,h=493,ovr=0
[20260802.025245.644-4492-I] SendWindowConfigure: QGAPROTO,msg=CONFIGURE,hwnd=0x2043e,x=259,y=486,w=686,h=493,ovr=0
[20260802.025245.644-4492-I] SendWindowConfigure: QGAPROTO,msg=CONFIGURE,hwnd=0x2043e,x=243,y=478,w=686,h=493,ovr=0
[20260802.025245.691-4492-I] SendWindowConfigure: QGAPROTO,msg=CONFIGURE,hwnd=0x2043e,x=228,y=469,w=686,h=493,ovr=0
[20260802.025245.738-4492-I] SendWindowConfigure: QGAPROTO,msg=CONFIGURE,hwnd=0x2043e,x=213,y=459,w=686,h=493,ovr=0
[20260802.025245.738-4492-I] SendWindowConfigure: QGAPROTO,msg=CONFIGURE,hwnd=0x2043e,x=200,y=447,w=686,h=493,ovr=0
[20260802.025245.769-4492-I] SendWindowConfigure: QGAPROTO,msg=CONFIGURE,hwnd=0x2043e,x=188,y=434,w=686,h=493,ovr=0
[20260802.025245.801-4492-I] SendWindowConfigure: QGAPROTO,msg=CONFIGURE,hwnd=0x2043e,x=178,y=419,w=686,h=493,ovr=0
[20260802.025245.854-4492-I] SendWindowConfigure: QGAPROTO,msg=CONFIGURE,hwnd=0x2043e,x=172,y=411,w=686,h=493,ovr=0
[20260802.025245.854-4492-I] SendWindowConfigure: QGAPROTO,msg=CONFIGURE,hwnd=0x2043e,x=167,y=401,w=686,h=493,ovr=0
[20260802.025245.925-4492-I] SendWindowConfigure: QGAPROTO,msg=CONFIGURE,hwnd=0x2043e,x=158,y=380,w=686,h=493,ovr=0
[20260802.025245.925-4492-I] SendWindowConfigure: QGAPROTO,msg=CONFIGURE,hwnd=0x2043e,x=153,y=363,w=686,h=493,ovr=0
[20260802.025245.925-4492-I] SendWindowConfigure: QGAPROTO,msg=CONFIGURE,hwnd=0x2043e,x=158,y=380,w=686,h=493,ovr=0
[20260802.025245.988-4492-I] SendWindowConfigure: QGAPROTO,msg=CONFIGURE,hwnd=0x2043e,x=165,y=380,w=686,h=493,ovr=0
[20260802.025245.988-4492-I] SendWindowConfigure: QGAPROTO,msg=CONFIGURE,hwnd=0x2043e,x=148,y=328,w=686,h=493,ovr=0
[20260802.025245.988-4492-I] SendWindowConfigure: QGAPROTO,msg=CONFIGURE,hwnd=0x2043e,x=153,y=363,w=686,h=493,ovr=0
[20260802.025245.988-4492-I] SendWindowConfigure: QGAPROTO,msg=CONFIGURE,hwnd=0x2043e,x=153,y=363,w=686,h=493,ovr=0
[20260802.025245.988-4492-I] SendWindowConfigure: QGAPROTO,msg=CONFIGURE,hwnd=0x2043e,x=153,y=363,w=686,h=493,ovr=0
[20260802.025245.988-4492-I] SendWindowConfigure: QGAPROTO,msg=CONFIGURE,hwnd=0x2043e,x=160,y=363,w=686,h=493,ovr=0
[20260802.025246.050-4492-I] SendWindowConfigure: QGAPROTO,msg=CONFIGURE,hwnd=0x2043e,x=148,y=312,w=686,h=493,ovr=0
[20260802.025246.066-4492-I] SendWindowConfigure: QGAPROTO,msg=CONFIGURE,hwnd=0x2043e,x=151,y=285,w=686,h=493,ovr=0
[20260802.025246.097-4492-I] SendWindowConfigure: QGAPROTO,msg=CONFIGURE,hwnd=0x2043e,x=155,y=268,w=686,h=493,ovr=0
[20260802.025246.163-4492-I] SendWindowConfigure: QGAPROTO,msg=CONFIGURE,hwnd=0x2043e,x=161,y=252,w=686,h=493,ovr=0
[20260802.025246.163-4492-I] SendWindowConfigure: QGAPROTO,msg=CONFIGURE,hwnd=0x2043e,x=169,y=236,w=686,h=493,ovr=0
[20260802.025246.238-4492-I] SendWindowConfigure: QGAPROTO,msg=CONFIGURE,hwnd=0x2043e,x=174,y=226,w=686,h=493,ovr=0
[20260802.025246.238-4492-I] SendWindowConfigure: QGAPROTO,msg=CONFIGURE,hwnd=0x2043e,x=200,y=193,w=686,h=493,ovr=0
[20260802.025246.300-4492-I] SendWindowConfigure: QGAPROTO,msg=CONFIGURE,hwnd=0x2043e,x=213,y=181,w=686,h=493,ovr=0
[20260802.025246.300-4492-I] SendWindowConfigure: QGAPROTO,msg=CONFIGURE,hwnd=0x2043e,x=227,y=171,w=686,h=493,ovr=0
[20260802.025246.363-4492-I] SendWindowConfigure: QGAPROTO,msg=CONFIGURE,hwnd=0x2043e,x=243,y=162,w=686,h=493,ovr=0
[20260802.025246.363-4492-I] SendWindowConfigure: QGAPROTO,msg=CONFIGURE,hwnd=0x2043e,x=259,y=154,w=686,h=493,ovr=0
[20260802.025246.425-4492-I] SendWindowConfigure: QGAPROTO,msg=CONFIGURE,hwnd=0x2043e,x=275,y=148,w=686,h=493,ovr=0
[20260802.025246.425-4492-I] SendWindowConfigure: QGAPROTO,msg=CONFIGURE,hwnd=0x2043e,x=292,y=144,w=686,h=493,ovr=0
[20260802.025246.488-4492-I] SendWindowConfigure: QGAPROTO,msg=CONFIGURE,hwnd=0x2043e,x=310,y=141,w=686,h=493,ovr=0
[20260802.025246.503-4492-I] SendWindowConfigure: QGAPROTO,msg=CONFIGURE,hwnd=0x2043e,x=327,y=141,w=686,h=493,ovr=0
[20260802.025246.550-4492-I] SendWindowConfigure: QGAPROTO,msg=CONFIGURE,hwnd=0x2043e,x=346,y=142,w=686,h=493,ovr=0
[20260802.025246.550-4492-I] SendWindowConfigure: QGAPROTO,msg=CONFIGURE,hwnd=0x2043e,x=362,y=144,w=686,h=493,ovr=0
[20260802.025246.550-4492-I] SendWindowConfigure: QGAPROTO,msg=CONFIGURE,hwnd=0x2043e,x=346,y=142,w=686,h=493,ovr=0
[20260802.025246.550-4492-I] SendWindowConfigure: QGAPROTO,msg=CONFIGURE,hwnd=0x2043e,x=362,y=144,w=686,h=493,ovr=0
[20260802.025246.550-4492-I] SendWindowConfigure: QGAPROTO,msg=CONFIGURE,hwnd=0x2043e,x=353,y=142,w=686,h=493,ovr=0
[20260802.025246.566-4492-I] SendWindowConfigure: QGAPROTO,msg=CONFIGURE,hwnd=0x2043e,x=369,y=144,w=686,h=493,ovr=0
[20260802.025246.566-4492-I] SendWindowConfigure: QGAPROTO,msg=CONFIGURE,hwnd=0x2043e,x=353,y=142,w=686,h=493,ovr=0
[20260802.025246.566-4492-I] SendWindowConfigure: QGAPROTO,msg=CONFIGURE,hwnd=0x2043e,x=369,y=144,w=686,h=493,ovr=0
[20260802.025246.597-4492-I] SendWindowConfigure: QGAPROTO,msg=CONFIGURE,hwnd=0x2043e,x=360,y=142,w=686,h=493,ovr=0
[20260802.025246.597-4492-I] SendWindowConfigure: QGAPROTO,msg=CONFIGURE,hwnd=0x2043e,x=379,y=148,w=686,h=493,ovr=0
[20260802.025246.644-4492-I] SendWindowConfigure: QGAPROTO,msg=CONFIGURE,hwnd=0x2043e,x=395,y=154,w=686,h=493,ovr=0
[20260802.025246.644-4492-I] SendWindowConfigure: QGAPROTO,msg=CONFIGURE,hwnd=0x2043e,x=411,y=162,w=686,h=493,ovr=0
[20260802.025246.695-4492-I] SendWindowConfigure: QGAPROTO,msg=CONFIGURE,hwnd=0x2043e,x=426,y=171,w=686,h=493,ovr=0
[20260802.025246.695-4492-I] SendWindowConfigure: QGAPROTO,msg=CONFIGURE,hwnd=0x2043e,x=435,y=177,w=686,h=493,ovr=0
[20260802.025246.754-4492-I] SendWindowConfigure: QGAPROTO,msg=CONFIGURE,hwnd=0x2043e,x=447,y=187,w=686,h=493,ovr=0
[20260802.025246.754-4492-I] SendWindowConfigure: QGAPROTO,msg=CONFIGURE,hwnd=0x2043e,x=460,y=200,w=686,h=493,ovr=0
[20260802.025246.816-4492-I] SendWindowConfigure: QGAPROTO,msg=CONFIGURE,hwnd=0x2043e,x=471,y=213,w=686,h=493,ovr=0
[20260802.025246.816-4492-I] SendWindowConfigure: QGAPROTO,msg=CONFIGURE,hwnd=0x2043e,x=481,y=228,w=686,h=493,ovr=0
[20260802.025246.869-4492-I] SendWindowConfigure: QGAPROTO,msg=CONFIGURE,hwnd=0x2043e,x=489,y=243,w=686,h=493,ovr=0
[20260802.025246.941-4492-I] SendWindowConfigure: QGAPROTO,msg=CONFIGURE,hwnd=0x2043e,x=503,y=285,w=686,h=493,ovr=0
[20260802.025247.003-4492-I] SendWindowConfigure: QGAPROTO,msg=CONFIGURE,hwnd=0x2043e,x=506,y=303,w=686,h=493,ovr=0
[20260802.025247.003-4492-I] SendWindowConfigure: QGAPROTO,msg=CONFIGURE,hwnd=0x2043e,x=506,y=320,w=686,h=493,ovr=0
[20260802.025247.003-4492-I] SendWindowConfigure: QGAPROTO,msg=CONFIGURE,hwnd=0x2043e,x=506,y=303,w=686,h=493,ovr=0
[20260802.025247.003-4492-I] SendWindowConfigure: QGAPROTO,msg=CONFIGURE,hwnd=0x2043e,x=506,y=320,w=686,h=493,ovr=0
[20260802.025247.050-4492-I] SendWindowConfigure: QGAPROTO,msg=CONFIGURE,hwnd=0x2043e,x=513,y=303,w=686,h=493,ovr=0
[20260802.025247.050-4492-I] SendWindowConfigure: QGAPROTO,msg=CONFIGURE,hwnd=0x2043e,x=503,y=355,w=686,h=493,ovr=0
[20260802.025247.128-4492-I] SendWindowConfigure: QGAPROTO,msg=CONFIGURE,hwnd=0x2043e,x=500,y=367,w=686,h=493,ovr=0
[20260802.025247.128-4492-I] SendWindowConfigure: QGAPROTO,msg=CONFIGURE,hwnd=0x2043e,x=489,y=396,w=686,h=493,ovr=0
[20260802.025247.175-4492-I] SendWindowConfigure: QGAPROTO,msg=CONFIGURE,hwnd=0x2043e,x=481,y=412,w=686,h=493,ovr=0
[20260802.025247.238-4492-I] SendWindowConfigure: QGAPROTO,msg=CONFIGURE,hwnd=0x2043e,x=471,y=427,w=686,h=493,ovr=0
[20260802.025247.238-4492-I] SendWindowConfigure: QGAPROTO,msg=CONFIGURE,hwnd=0x2043e,x=460,y=440,w=686,h=493,ovr=0
[20260802.025247.285-4492-I] SendWindowConfigure: QGAPROTO,msg=CONFIGURE,hwnd=0x2043e,x=444,y=456,w=686,h=493,ovr=0
[20260802.025247.285-4492-I] SendWindowConfigure: QGAPROTO,msg=CONFIGURE,hwnd=0x2043e,x=434,y=464,w=686,h=493,ovr=0
[20260802.025247.347-4492-I] SendWindowConfigure: QGAPROTO,msg=CONFIGURE,hwnd=0x2043e,x=419,y=474,w=686,h=493,ovr=0
[20260802.025247.347-4492-I] SendWindowConfigure: QGAPROTO,msg=CONFIGURE,hwnd=0x2043e,x=404,y=482,w=686,h=493,ovr=0
[20260802.025247.394-4492-I] SendWindowConfigure: QGAPROTO,msg=CONFIGURE,hwnd=0x2043e,x=387,y=489,w=686,h=493,ovr=0
[20260802.025247.441-4492-I] SendWindowConfigure: QGAPROTO,msg=CONFIGURE,hwnd=0x2043e,x=370,y=494,w=686,h=493,ovr=0
[20260802.025247.441-4492-I] SendWindowConfigure: QGAPROTO,msg=CONFIGURE,hwnd=0x2043e,x=353,y=498,w=686,h=493,ovr=0
[20260802.025247.519-4492-I] SendWindowConfigure: QGAPROTO,msg=CONFIGURE,hwnd=0x2043e,x=344,y=499,w=686,h=493,ovr=0
[20260802.025247.519-4492-I] SendWindowConfigure: QGAPROTO,msg=CONFIGURE,hwnd=0x2043e,x=319,y=499,w=686,h=493,ovr=0
[20260802.025247.538-4492-I] SendWindowConfigure: QGAPROTO,msg=CONFIGURE,hwnd=0x2043e,x=344,y=499,w=686,h=493,ovr=0
[20260802.025247.538-4492-I] SendWindowConfigure: QGAPROTO,msg=CONFIGURE,hwnd=0x2043e,x=319,y=499,w=686,h=493,ovr=0
[20260802.025247.582-4492-I] SendWindowConfigure: QGAPROTO,msg=CONFIGURE,hwnd=0x2043e,x=351,y=499,w=686,h=493,ovr=0
[20260802.025247.582-4492-I] SendWindowConfigure: QGAPROTO,msg=CONFIGURE,hwnd=0x2043e,x=284,y=494,w=686,h=493,ovr=0
[20260802.025247.582-4492-I] SendWindowConfigure: QGAPROTO,msg=CONFIGURE,hwnd=0x2043e,x=351,y=499,w=686,h=493,ovr=0
[20260802.025247.582-4492-I] SendWindowConfigure: QGAPROTO,msg=CONFIGURE,hwnd=0x2043e,x=284,y=494,w=686,h=493,ovr=0
[20260802.025247.644-4492-I] SendWindowConfigure: QGAPROTO,msg=CONFIGURE,hwnd=0x2043e,x=358,y=499,w=686,h=493,ovr=0
[20260802.025247.644-4492-I] SendWindowConfigure: QGAPROTO,msg=CONFIGURE,hwnd=0x2043e,x=243,y=478,w=686,h=493,ovr=0
[20260802.025247.691-4492-I] SendWindowConfigure: QGAPROTO,msg=CONFIGURE,hwnd=0x2043e,x=228,y=469,w=686,h=493,ovr=0
[20260802.025247.738-4492-I] SendWindowConfigure: QGAPROTO,msg=CONFIGURE,hwnd=0x2043e,x=213,y=459,w=686,h=493,ovr=0
[20260802.025247.738-4492-I] SendWindowConfigure: QGAPROTO,msg=CONFIGURE,hwnd=0x2043e,x=200,y=447,w=686,h=493,ovr=0
[20260802.025247.800-4492-I] SendWindowConfigure: QGAPROTO,msg=CONFIGURE,hwnd=0x2043e,x=188,y=434,w=686,h=493,ovr=0
[20260802.025247.800-4492-I] SendWindowConfigure: QGAPROTO,msg=CONFIGURE,hwnd=0x2043e,x=178,y=420,w=686,h=493,ovr=0
[20260802.025247.850-4492-I] SendWindowConfigure: QGAPROTO,msg=CONFIGURE,hwnd=0x2043e,x=169,y=404,w=686,h=493,ovr=0
[20260802.025247.850-4492-I] SendWindowConfigure: QGAPROTO,msg=CONFIGURE,hwnd=0x2043e,x=164,y=395,w=686,h=493,ovr=0
[20260802.025247.910-4492-I] SendWindowConfigure: QGAPROTO,msg=CONFIGURE,hwnd=0x2043e,x=155,y=372,w=686,h=493,ovr=0
[20260802.025247.972-4492-I] SendWindowConfigure: QGAPROTO,msg=CONFIGURE,hwnd=0x2043e,x=151,y=355,w=686,h=493,ovr=0
[20260802.025247.972-4492-I] SendWindowConfigure: QGAPROTO,msg=CONFIGURE,hwnd=0x2043e,x=148,y=337,w=686,h=493,ovr=0
[20260802.025247.972-4492-I] SendWindowConfigure: QGAPROTO,msg=CONFIGURE,hwnd=0x2043e,x=151,y=355,w=686,h=493,ovr=0
[20260802.025247.972-4492-I] SendWindowConfigure: QGAPROTO,msg=CONFIGURE,hwnd=0x2043e,x=148,y=337,w=686,h=493,ovr=0
[20260802.025247.972-4492-I] SendWindowConfigure: QGAPROTO,msg=CONFIGURE,hwnd=0x2043e,x=158,y=355,w=686,h=493,ovr=0
[20260802.025247.972-4492-I] SendWindowConfigure: QGAPROTO,msg=CONFIGURE,hwnd=0x2043e,x=155,y=337,w=686,h=493,ovr=0
[20260802.025247.972-4492-I] SendWindowConfigure: QGAPROTO,msg=CONFIGURE,hwnd=0x2043e,x=158,y=355,w=686,h=493,ovr=0
[20260802.025247.972-4492-I] SendWindowConfigure: QGAPROTO,msg=CONFIGURE,hwnd=0x2043e,x=155,y=337,w=686,h=493,ovr=0
[20260802.025248.019-4492-I] SendWindowConfigure: QGAPROTO,msg=CONFIGURE,hwnd=0x2043e,x=165,y=355,w=686,h=493,ovr=0
[20260802.025248.019-4492-I] SendWindowConfigure: QGAPROTO,msg=CONFIGURE,hwnd=0x2043e,x=148,y=303,w=686,h=493,ovr=0
[20260802.025248.082-4492-I] SendWindowConfigure: QGAPROTO,msg=CONFIGURE,hwnd=0x2043e,x=151,y=285,w=686,h=493,ovr=0
[20260802.025248.082-4492-I] SendWindowConfigure: QGAPROTO,msg=CONFIGURE,hwnd=0x2043e,x=155,y=268,w=686,h=493,ovr=0
[20260802.025248.128-4492-I] SendWindowConfigure: QGAPROTO,msg=CONFIGURE,hwnd=0x2043e,x=161,y=252,w=686,h=493,ovr=0
[20260802.025248.191-4492-I] SendWindowConfigure: QGAPROTO,msg=CONFIGURE,hwnd=0x2043e,x=169,y=236,w=686,h=493,ovr=0
[20260802.025248.191-4492-I] SendWindowConfigure: QGAPROTO,msg=CONFIGURE,hwnd=0x2043e,x=183,y=213,w=686,h=493,ovr=0
[20260802.025248.253-4492-I] SendWindowConfigure: QGAPROTO,msg=CONFIGURE,hwnd=0x2043e,x=194,y=200,w=686,h=493,ovr=0
[20260802.025248.253-4492-I] SendWindowConfigure: QGAPROTO,msg=CONFIGURE,hwnd=0x2043e,x=207,y=187,w=686,h=493,ovr=0
[20260802.025248.316-4492-I] SendWindowConfigure: QGAPROTO,msg=CONFIGURE,hwnd=0x2043e,x=221,y=175,w=686,h=493,ovr=0
[20260802.025248.316-4492-I] SendWindowConfigure: QGAPROTO,msg=CONFIGURE,hwnd=0x2043e,x=235,y=166,w=686,h=493,ovr=0
[20260802.025248.316-4492-I] SendWindowConfigure: QGAPROTO,msg=CONFIGURE,hwnd=0x2043e,x=221,y=175,w=686,h=493,ovr=0
[20260802.025248.316-4492-I] SendWindowConfigure: QGAPROTO,msg=CONFIGURE,hwnd=0x2043e,x=235,y=166,w=686,h=493,ovr=0
[20260802.025248.332-4492-I] SendWindowConfigure: QGAPROTO,msg=CONFIGURE,hwnd=0x2043e,x=228,y=175,w=686,h=493,ovr=0
[20260802.025248.386-4492-I] SendWindowConfigure: QGAPROTO,msg=CONFIGURE,hwnd=0x2043e,x=242,y=166,w=686,h=493,ovr=0
[20260802.025248.394-4492-I] SendWindowConfigure: QGAPROTO,msg=CONFIGURE,hwnd=0x2043e,x=271,y=150,w=686,h=493,ovr=0
[20260802.025248.394-4492-I] SendWindowConfigure: QGAPROTO,msg=CONFIGURE,hwnd=0x2043e,x=242,y=166,w=686,h=493,ovr=0
[20260802.025248.394-4492-I] SendWindowConfigure: QGAPROTO,msg=CONFIGURE,hwnd=0x2043e,x=271,y=150,w=686,h=493,ovr=0
[20260802.025248.441-4492-I] SendWindowConfigure: QGAPROTO,msg=CONFIGURE,hwnd=0x2043e,x=249,y=166,w=686,h=493,ovr=0
[20260802.025248.441-4492-I] SendWindowConfigure: QGAPROTO,msg=CONFIGURE,hwnd=0x2043e,x=301,y=142,w=686,h=493,ovr=0
[20260802.025248.488-4492-I] SendWindowConfigure: QGAPROTO,msg=CONFIGURE,hwnd=0x2043e,x=327,y=141,w=686,h=493,ovr=0
[20260802.025248.535-4492-I] SendWindowConfigure: QGAPROTO,msg=CONFIGURE,hwnd=0x2043e,x=344,y=141,w=686,h=493,ovr=0
[20260802.025248.597-4492-I] SendWindowConfigure: QGAPROTO,msg=CONFIGURE,hwnd=0x2043e,x=362,y=144,w=686,h=493,ovr=0
[20260802.025248.597-4492-I] SendWindowConfigure: QGAPROTO,msg=CONFIGURE,hwnd=0x2043e,x=387,y=151,w=686,h=493,ovr=0
[20260802.025248.660-4492-I] SendWindowConfigure: QGAPROTO,msg=CONFIGURE,hwnd=0x2043e,x=403,y=158,w=686,h=493,ovr=0
[20260802.025248.660-4492-I] SendWindowConfigure: QGAPROTO,msg=CONFIGURE,hwnd=0x2043e,x=419,y=166,w=686,h=493,ovr=0
[20260802.025248.707-4492-I] SendWindowConfigure: QGAPROTO,msg=CONFIGURE,hwnd=0x2043e,x=441,y=181,w=686,h=493,ovr=0
[20260802.025248.769-4492-I] SendWindowConfigure: QGAPROTO,msg=CONFIGURE,hwnd=0x2043e,x=454,y=193,w=686,h=493,ovr=0
[20260802.025248.769-4492-I] SendWindowConfigure: QGAPROTO,msg=CONFIGURE,hwnd=0x2043e,x=466,y=206,w=686,h=493,ovr=0
[20260802.025248.769-4492-I] SendWindowConfigure: QGAPROTO,msg=CONFIGURE,hwnd=0x2043e,x=454,y=193,w=686,h=493,ovr=0
[20260802.025248.769-4492-I] SendWindowConfigure: QGAPROTO,msg=CONFIGURE,hwnd=0x2043e,x=466,y=206,w=686,h=493,ovr=0
[20260802.025248.785-4492-I] SendWindowConfigure: QGAPROTO,msg=CONFIGURE,hwnd=0x2043e,x=461,y=193,w=686,h=493,ovr=0
[20260802.025248.800-4492-I] SendWindowConfigure: QGAPROTO,msg=CONFIGURE,hwnd=0x2043e,x=473,y=206,w=686,h=493,ovr=0
[20260802.025248.800-4492-I] SendWindowConfigure: QGAPROTO,msg=CONFIGURE,hwnd=0x2043e,x=476,y=220,w=686,h=493,ovr=0
[20260802.025248.849-4492-I] SendWindowConfigure: QGAPROTO,msg=CONFIGURE,hwnd=0x2043e,x=485,y=236,w=686,h=493,ovr=0
[20260802.025248.941-4492-I] SendWindowConfigure: QGAPROTO,msg=CONFIGURE,hwnd=0x2043e,x=496,y=260,w=686,h=493,ovr=0
[20260802.025249.004-4492-I] SendWindowConfigure: QGAPROTO,msg=CONFIGURE,hwnd=0x2043e,x=505,y=294,w=686,h=493,ovr=0
[20260802.025249.004-4492-I] SendWindowConfigure: QGAPROTO,msg=CONFIGURE,hwnd=0x2043e,x=506,y=312,w=686,h=493,ovr=0
