# winenum: top-level windows. cloaked: 0=not, 1=app,2=shell,4=inherited. Run WHILE the broken window is on screen. Fields pipe-delimited.
0x0001013A|pid=4196|cls=ForegroundStaging|vis=0|icon=0|cloaked=0|owner=0x00000000|alpha=-|flags=POPUP TOPMOST TOOLWIN NOACTIVATE|style=0x84000000|ex=0x08200088|rect=0,0,0,0|title=
0x00010102|pid=4196|cls=ForegroundStaging|vis=0|icon=0|cloaked=0|owner=0x00000000|alpha=-|flags=POPUP TOPMOST TOOLWIN NOACTIVATE|style=0x84000000|ex=0x08200088|rect=0,0,0,0|title=
0x000B0164|pid=4196|cls=tooltips_class32|vis=0|icon=0|cloaked=0|owner=0x00150032|alpha=0|flags=POPUP TOPMOST LAYERED TRANSPARENT TOOLWIN|style=0x84000003|ex=0x000800A8|rect=863,356,1099,406|title=
0x00030356|pid=8732|cls=Wnd_StartFeed|vis=0|icon=0|cloaked=0|owner=0x00000000|alpha=-|flags=POPUP TOPMOST TOOLWIN|style=0x84000000|ex=0x00010088|rect=0,0,1920,1080|title=
0x000100D0|pid=4196|cls=tooltips_class32|vis=0|icon=0|cloaked=0|owner=0x00000000|alpha=ulw|flags=POPUP TOPMOST LAYERED TRANSPARENT TOOLWIN|style=0x84000102|ex=0x000800A8|rect=0,0,0,0|title=
0x00010096|pid=4196|cls=tooltips_class32|vis=0|icon=0|cloaked=0|owner=0x00010080|alpha=ulw|flags=POPUP TOPMOST LAYERED TRANSPARENT TOOLWIN|style=0x84000003|ex=0x000800A8|rect=0,0,0,0|title=
0x00010080|pid=4196|cls=Shell_TrayWnd|vis=0|icon=0|cloaked=0|owner=0x00000000|alpha=-|flags=POPUP TOPMOST TOOLWIN|style=0x86000000|ex=0x00000088|rect=0,1032,1920,1080|title=
0x00050292|pid=2480|cls=PseudoConsoleWindow|vis=1|icon=0|cloaked=0|owner=0x00050290|alpha=-|flags=POPUP TOOLWIN NOACTIVATE|style=0x94000000|ex=0x08000080|rect=0,0,0,0|title=
0x00050290|pid=6436|cls=CASCADIA_HOSTING_WINDOW_CLASS|vis=1|icon=0|cloaked=0|owner=0x00000000|alpha=-|flags=|style=0x14CF0000|ex=0x00200100|rect=377,358,1506,993|title=Eingabeaufforderung - winenum.exe  
0x0002027A|pid=4196|cls=tooltips_class32|vis=0|icon=0|cloaked=0|owner=0x00150032|alpha=ulw|flags=POPUP LAYERED TRANSPARENT TOOLWIN|style=0x84000002|ex=0x000800A0|rect=0,0,0,0|title=
0x00150032|pid=4196|cls=CabinetWClass|vis=1|icon=0|cloaked=0|owner=0x00000000|alpha=-|flags=|style=0x14CF0000|ex=0x00000100|rect=480,160,1548,919|title=untrusted – Datei-Explorer
0x000702D4|pid=6436|cls=OleDdeWndClass|vis=0|icon=0|cloaked=0|owner=0x00000000|alpha=-|flags=POPUP|style=0x84000000|ex=0x00000000|rect=0,0,0,0|title=DDE Server Window
0x0005025C|pid=6436|cls=Windows Terminal 837cc8e255e6bcb8|vis=0|icon=0|cloaked=0|owner=0x00000000|alpha=-|flags=|style=0x04C00000|ex=0x00000100|rect=0,0,136,39|title=Windows Terminal
0x000402FA|pid=8200|cls=ApplicationFrameWindow|vis=1|icon=0|cloaked=0|owner=0x00000000|alpha=-|flags=POPUP|style=0x94CF0000|ex=0x00200100|rect=52,61,1268,1002|title=Windows-Sicherheit
0x000502E8|pid=4196|cls=ApplicationFrameWindow|vis=1|icon=0|cloaked=2|owner=0x00000000|alpha=-|flags=POPUP|style=0x94CF0000|ex=0x00200100|rect=0,0,1920,1032|title=
0x000100E4|pid=4196|cls=ApplicationManager_DesktopShellWindow|vis=0|icon=0|cloaked=2|owner=0x00000000|alpha=-|flags=POPUP NOACTIVATE|style=0x84000000|ex=0x08200000|rect=0,0,0,0|title=
0x000102AE|pid=4196|cls=WorkerW|vis=0|icon=0|cloaked=0|owner=0x00000000|alpha=-|flags=|style=0x04C00000|ex=0x00000100|rect=0,0,136,39|title=
0x00010296|pid=8752|cls=COMTASKSWINDOWCLASS|vis=0|icon=0|cloaked=0|owner=0x00000000|alpha=-|flags=|style=0x04C00000|ex=0x00000100|rect=0,0,136,39|title=Task Host Window
0x00060028|pid=4780|cls=QubesGuiAgentWorkArea|vis=0|icon=0|cloaked=0|owner=0x00000000|alpha=-|flags=POPUP TOOLWIN NOACTIVATE|style=0x84000000|ex=0x08000080|rect=0,0,0,0|title=
0x00030062|pid=4196|cls=WorkerW|vis=0|icon=0|cloaked=0|owner=0x00000000|alpha=-|flags=|style=0x04C00000|ex=0x00000100|rect=0,0,136,39|title=
0x0005021C|pid=7088|cls=.NET-BroadcastEventWindow.3d893c.0|vis=0|icon=0|cloaked=0|owner=0x00000000|alpha=-|flags=POPUP|style=0x84000000|ex=0x00000000|rect=0,0,0,0|title=.NET-BroadcastEventWindow.3d893c.0
0x00020076|pid=4196|cls=BluetoothNotificationAreaIconWindowClass|vis=0|icon=0|cloaked=0|owner=0x00000000|alpha=-|flags=|style=0x04C00000|ex=0x00000100|rect=0,0,136,39|title=BluetoothNotificationAreaIconWindowClass
0x000201F0|pid=4196|cls=MiracastConnectionWindow|vis=0|icon=0|cloaked=0|owner=0x00000000|alpha=-|flags=|style=0x04CF0000|ex=0x00000100|rect=0,0,136,39|title=MiracastConnectionWindow
0x00010202|pid=4196|cls=MS_WebcheckMonitor|vis=0|icon=0|cloaked=0|owner=0x00000000|alpha=-|flags=|style=0x04CF0000|ex=0x00000100|rect=130,130,1570,883|title=MS_WebcheckMonitor
0x000101F4|pid=4196|cls=WorkerW|vis=0|icon=0|cloaked=0|owner=0x00000000|alpha=-|flags=|style=0x04C00000|ex=0x00000100|rect=0,0,136,39|title=
0x00030068|pid=4196|cls=ATL:00007FFF6A7EA050|vis=0|icon=0|cloaked=0|owner=0x00000000|alpha=-|flags=POPUP TOOLWIN|style=0x84000000|ex=0x00000080|rect=0,0,0,0|title=
0x00030056|pid=4196|cls=SystemTray_Main|vis=0|icon=0|cloaked=0|owner=0x00000000|alpha=-|flags=POPUP TOOLWIN|style=0x84040000|ex=0x00000180|rect=0,0,14,14|title=Akkustand
0x000201CE|pid=4196|cls=WorkerW|vis=0|icon=0|cloaked=0|owner=0x00000000|alpha=-|flags=|style=0x04C00000|ex=0x00000100|rect=0,0,136,39|title=
0x000101BC|pid=6316|cls=WorkerW|vis=0|icon=0|cloaked=0|owner=0x00000000|alpha=-|flags=|style=0x04C00000|ex=0x00000100|rect=0,0,136,39|title=
0x000101A0|pid=5976|cls=CrossDeviceResumeWindowClass|vis=0|icon=0|cloaked=0|owner=0x00000000|alpha=-|flags=|style=0x04CF0000|ex=0x00000100|rect=52,52,1492,805|title=CrossDeviceResumeWindow
0x00010116|pid=4196|cls=Postures Broadcast Listener Class|vis=0|icon=0|cloaked=0|owner=0x00000000|alpha=-|flags=NOACTIVATE|style=0x04C00000|ex=0x08000100|rect=0,0,136,39|title=
0x0001012E|pid=4196|cls=TabletModeCoverWindow|vis=0|icon=0|cloaked=0|owner=0x00000000|alpha=-|flags=POPUP TOOLWIN NOACTIVATE|style=0x84000000|ex=0x08200080|rect=0,0,1920,1032|title=
0x000101C2|pid=4196|cls=WorkerW|vis=0|icon=0|cloaked=0|owner=0x00000000|alpha=-|flags=|style=0x04C00000|ex=0x00000100|rect=0,0,136,39|title=
0x000101C4|pid=4196|cls=WorkerW|vis=0|icon=0|cloaked=0|owner=0x00000000|alpha=-|flags=|style=0x04C00000|ex=0x00000100|rect=0,0,136,39|title=
0x00010130|pid=4196|cls=DummyDWMListenerWindow|vis=1|icon=0|cloaked=1|owner=0x00000000|alpha=-|flags=POPUP TOOLWIN NOACTIVATE|style=0x94000000|ex=0x08200080|rect=0,0,0,0|title=
0x00010128|pid=4196|cls=EdgeUiInputTopWndClass|vis=1|icon=0|cloaked=1|owner=0x00000000|alpha=-|flags=POPUP TOOLWIN NOACTIVATE|style=0x94000000|ex=0x08200080|rect=15,0,1920,4|title=
0x0001010C|pid=4196|cls=DummyDWMListenerWindow|vis=1|icon=0|cloaked=1|owner=0x00000000|alpha=-|flags=POPUP TOOLWIN NOACTIVATE|style=0x94000000|ex=0x08200080|rect=0,0,0,0|title=
0x0001010A|pid=4196|cls=DummyDWMListenerWindow|vis=1|icon=0|cloaked=1|owner=0x00000000|alpha=-|flags=POPUP TOOLWIN NOACTIVATE|style=0x94000000|ex=0x08200080|rect=0,0,0,0|title=
0x00010108|pid=4196|cls=DummyDWMListenerWindow|vis=1|icon=0|cloaked=1|owner=0x00000000|alpha=-|flags=POPUP TOOLWIN NOACTIVATE|style=0x94000000|ex=0x08200080|rect=0,0,0,0|title=
0x00010106|pid=4196|cls=DummyDWMListenerWindow|vis=1|icon=0|cloaked=1|owner=0x00000000|alpha=-|flags=POPUP TOOLWIN NOACTIVATE|style=0x94000000|ex=0x08200080|rect=0,0,0,0|title=
0x000100FE|pid=4196|cls=GamingFallbackWindow|vis=0|icon=0|cloaked=0|owner=0x00000000|alpha=-|flags=POPUP TOOLWIN NOACTIVATE|style=0x84000000|ex=0x08200080|rect=0,0,0,0|title=
0x000100EC|pid=4868|cls=PushNotificationsPowerManagement|vis=0|icon=0|cloaked=0|owner=0x00000000|alpha=-|flags=POPUP|style=0x84000000|ex=0x00000000|rect=0,0,0,0|title=Windows Push Notifications Platform
0x000100E0|pid=4196|cls=WorkerW|vis=0|icon=0|cloaked=0|owner=0x00000000|alpha=-|flags=|style=0x04C00000|ex=0x00000100|rect=0,0,136,39|title=
0x000100DA|pid=4196|cls=WorkerW|vis=0|icon=0|cloaked=0|owner=0x00000000|alpha=-|flags=POPUP TOOLWIN NOACTIVATE|style=0x84000000|ex=0x08000080|rect=0,0,0,0|title=
0x000100D6|pid=4196|cls=WorkerW|vis=0|icon=0|cloaked=0|owner=0x00000000|alpha=-|flags=|style=0x04C00000|ex=0x00000100|rect=0,0,136,39|title=
0x000100BC|pid=4196|cls=WorkerW|vis=0|icon=0|cloaked=0|owner=0x00000000|alpha=-|flags=|style=0x04C00000|ex=0x00000100|rect=0,0,136,39|title=
0x000100B8|pid=4196|cls=WorkerW|vis=0|icon=0|cloaked=0|owner=0x00000000|alpha=-|flags=|style=0x04C00000|ex=0x00000100|rect=0,0,136,39|title=
0x0002001E|pid=4196|cls=DDEMLMom|vis=0|icon=0|cloaked=0|owner=0x00000000|alpha=-|flags=POPUP|style=0x84000000|ex=0x00000000|rect=0,0,0,0|title=
0x00020024|pid=5116|cls=COMTASKSWINDOWCLASS|vis=0|icon=0|cloaked=0|owner=0x00000000|alpha=-|flags=|style=0x04C00000|ex=0x00000100|rect=0,0,136,39|title=Task Host Window
0x00010044|pid=1100|cls=Dwm|vis=0|icon=1|cloaked=0|owner=0x00000000|alpha=-|flags=POPUP|style=0xA4000000|ex=0x00000000|rect=0,740,160,768|title=DWM Notification Window
0x00020072|pid=3944|cls=CicLoaderWndClass|vis=0|icon=0|cloaked=0|owner=0x00000000|alpha=-|flags=|style=0x0CC00000|ex=0x00000100|rect=0,0,136,39|title=
0x000100C4|pid=4196|cls=Progman|vis=1|icon=0|cloaked=0|owner=0x00000000|alpha=-|flags=POPUP TOOLWIN|style=0x96000000|ex=0x00200080|rect=0,0,1920,1080|title=Program Manager
0x0001013C|pid=4196|cls=IME|vis=0|icon=0|cloaked=0|owner=0x0001013A|alpha=-|flags=POPUP TOPMOST|style=0x8C000000|ex=0x00000008|rect=0,0,0,0|title=Default IME
0x00080052|pid=8732|cls=IME|vis=0|icon=0|cloaked=0|owner=0x00030356|alpha=-|flags=POPUP TOPMOST|style=0x8C000000|ex=0x00000008|rect=0,0,0,0|title=Default IME
0x000100B2|pid=4196|cls=MSCTFIME UI|vis=0|icon=0|cloaked=0|owner=0x00010082|alpha=-|flags=POPUP TOPMOST|style=0x8C000000|ex=0x00000008|rect=0,0,0,0|title=MSCTFIME UI
0x00010082|pid=4196|cls=IME|vis=0|icon=0|cloaked=0|owner=0x00010080|alpha=-|flags=POPUP TOPMOST|style=0x8C000000|ex=0x00000008|rect=0,0,0,0|title=Default IME
0x00050294|pid=6436|cls=MSCTFIME UI|vis=0|icon=0|cloaked=0|owner=0x000A0058|alpha=-|flags=POPUP|style=0x8C000000|ex=0x00000000|rect=0,0,0,0|title=MSCTFIME UI
0x000A0058|pid=6436|cls=IME|vis=0|icon=0|cloaked=0|owner=0x00050290|alpha=-|flags=POPUP|style=0x8C000000|ex=0x00000000|rect=0,0,0,0|title=Default IME
0x00030216|pid=4196|cls=MSCTFIME UI|vis=0|icon=0|cloaked=0|owner=0x00030234|alpha=-|flags=POPUP|style=0x8C000000|ex=0x00000000|rect=0,0,0,0|title=MSCTFIME UI
0x00030234|pid=4196|cls=IME|vis=0|icon=0|cloaked=0|owner=0x00150032|alpha=-|flags=POPUP|style=0x8C000000|ex=0x00000000|rect=0,0,0,0|title=Default IME
0x0003033C|pid=8256|cls=MSCTFIME UI|vis=0|icon=0|cloaked=0|owner=0x00040322|alpha=-|flags=POPUP|style=0x8C000000|ex=0x00000000|rect=0,0,0,0|title=MSCTFIME UI
0x00040322|pid=8256|cls=IME|vis=0|icon=0|cloaked=0|owner=0x000402FA|alpha=-|flags=POPUP|style=0x8C000000|ex=0x00000000|rect=0,0,0,0|title=Default IME
0x000202D8|pid=8200|cls=MSCTFIME UI|vis=0|icon=0|cloaked=0|owner=0x00020324|alpha=-|flags=POPUP|style=0x8C000000|ex=0x00000000|rect=0,0,0,0|title=MSCTFIME UI
0x00020324|pid=8200|cls=IME|vis=0|icon=0|cloaked=0|owner=0x000402FA|alpha=-|flags=POPUP|style=0x8C000000|ex=0x00000000|rect=0,0,0,0|title=Default IME
0x000402FE|pid=4196|cls=IME|vis=0|icon=0|cloaked=2|owner=0x000502E8|alpha=-|flags=POPUP|style=0x8C000000|ex=0x00000000|rect=0,0,0,0|title=Default IME
0x000502A4|pid=4196|cls=MSCTFIME UI|vis=0|icon=0|cloaked=2|owner=0x000100E2|alpha=-|flags=POPUP|style=0x8C000000|ex=0x00000000|rect=0,0,0,0|title=MSCTFIME UI
0x000100E2|pid=4196|cls=IME|vis=0|icon=0|cloaked=2|owner=0x000100E4|alpha=-|flags=POPUP|style=0x8C000000|ex=0x00000000|rect=0,0,0,0|title=Default IME
0x000102B0|pid=4196|cls=IME|vis=0|icon=0|cloaked=0|owner=0x000102AE|alpha=-|flags=POPUP|style=0x8C000000|ex=0x00000000|rect=0,0,0,0|title=Default IME
0x00060026|pid=4780|cls=IME|vis=0|icon=0|cloaked=0|owner=0x00060028|alpha=-|flags=POPUP|style=0x8C000000|ex=0x00000000|rect=0,0,0,0|title=Default IME
0x00020090|pid=7088|cls=IME|vis=0|icon=0|cloaked=0|owner=0x0005021C|alpha=-|flags=POPUP|style=0x8C000000|ex=0x00000000|rect=0,0,0,0|title=Default IME
0x000101F6|pid=4196|cls=IME|vis=0|icon=0|cloaked=0|owner=0x000101F4|alpha=-|flags=POPUP|style=0x8C000000|ex=0x00000000|rect=0,0,0,0|title=Default IME
0x000101EC|pid=4196|cls=IME|vis=0|icon=0|cloaked=0|owner=0x00030068|alpha=-|flags=POPUP|style=0x8C000000|ex=0x00000000|rect=0,0,0,0|title=Default IME
0x000301CA|pid=4196|cls=IME|vis=0|icon=0|cloaked=0|owner=0x000201CE|alpha=-|flags=POPUP|style=0x8C000000|ex=0x00000000|rect=0,0,0,0|title=Default IME
0x000101BE|pid=6316|cls=IME|vis=0|icon=0|cloaked=0|owner=0x000101BC|alpha=-|flags=POPUP|style=0x8C000000|ex=0x00000000|rect=0,0,0,0|title=Default IME
0x000101A2|pid=5976|cls=IME|vis=0|icon=0|cloaked=0|owner=0x000101A0|alpha=-|flags=POPUP|style=0x8C000000|ex=0x00000000|rect=0,0,0,0|title=Default IME
0x000100EE|pid=4868|cls=IME|vis=0|icon=0|cloaked=0|owner=0x000100EC|alpha=-|flags=POPUP|style=0x8C000000|ex=0x00000000|rect=0,0,0,0|title=Default IME
0x000100BE|pid=4196|cls=IME|vis=0|icon=0|cloaked=0|owner=0x000100BC|alpha=-|flags=POPUP|style=0x8C000000|ex=0x00000000|rect=0,0,0,0|title=Default IME
0x000100DE|pid=4196|cls=MSCTFIME UI|vis=0|icon=0|cloaked=0|owner=0x0002001C|alpha=-|flags=POPUP|style=0x8C000000|ex=0x00000000|rect=0,0,0,0|title=MSCTFIME UI
0x0002001C|pid=4196|cls=IME|vis=0|icon=0|cloaked=0|owner=0x000100C4|alpha=-|flags=POPUP|style=0x8C000000|ex=0x00000000|rect=0,0,0,0|title=Default IME
